#
# There is insufficient memory for the Java Runtime Environment to continue.
# Native memory allocation (mmap) failed to map 65536 bytes. Error detail: Failed to commit metaspace.
# Possible reasons:
#   The system is out of physical RAM or swap space
#   This process is running with CompressedOops enabled, and the Java Heap may be blocking the growth of the native heap
# Possible solutions:
#   Reduce memory load on the system
#   Increase physical memory or swap space
#   Check if swap backing store is full
#   Decrease Java heap size (-Xmx/-Xms)
#   Decrease number of Java threads
#   Decrease Java thread stack sizes (-Xss)
#   Set larger code cache with -XX:ReservedCodeCacheSize=
#   JVM is running with Unscaled Compressed Oops mode in which the Java heap is
#     placed in the first 4GB address space. The Java Heap base address is the
#     maximum limit for the native heap growth. Please use -XX:HeapBaseMinAddress
#     to set the Java Heap base and to place the Java Heap above 4GB virtual address.
# This output file may be truncated or incomplete.
#
#  Out of Memory Error (virtualSpaceNode.cpp:113), pid=8360, tid=3424
#
# JRE version: OpenJDK Runtime Environment Temurin-21.0.12.1+1 (21.0.12.1+1) (build 21.0.12.1+1-LTS)
# Java VM: OpenJDK 64-Bit Server VM Temurin-21.0.12.1+1 (21.0.12.1+1-LTS, mixed mode, sharing, tiered, compressed oops, compressed class ptrs, parallel gc, windows-amd64)
# No core dump will be written. Minidumps are not enabled by default on client versions of Windows
#

---------------  S U M M A R Y ------------

Command Line: --add-modules=ALL-SYSTEM --add-opens=java.base/java.util=ALL-UNNAMED --add-opens=java.base/java.lang=ALL-UNNAMED --add-opens=java.base/sun.nio.fs=ALL-UNNAMED -Declipse.application=org.eclipse.jdt.ls.core.id1 -Dosgi.bundles.defaultStartLevel=4 -Declipse.product=org.eclipse.jdt.ls.core.product -Djava.import.generatesMetadataFilesAtProjectRoot=false -Dm2e.project.cache.size=50 -DDetectVMInstallationsJob.disabled=true -Dfile.encoding=utf8 -XX:+UseParallelGC -XX:GCTimeRatio=4 -XX:AdaptiveSizePolicyWeight=90 -Dsun.zip.disableMemoryMapping=true -Xmx2G -Xms100m -Xlog:disable -javaagent:c:\Users\hp\.vscode\extensions\redhat.java-1.56.0-win32-x64\lombok\lombok-1.18.39-4050.jar -XX:+HeapDumpOnOutOfMemoryError -XX:HeapDumpPath=c:\Users\hp\AppData\Roaming\Code\User\workspaceStorage\85613ab885ecb802144c8b32fe25b821\redhat.java -Daether.dependencyCollector.impl=bf c:\Users\hp\.vscode\extensions\redhat.java-1.56.0-win32-x64\server\plugins\org.eclipse.equinox.launcher_1.8.0.v20260804-1928.jar -configuration c:\Users\hp\AppData\Roaming\Code\User\globalStorage\redhat.java\1.56.0\config_win -data c:\Users\hp\AppData\Roaming\Code\User\workspaceStorage\85613ab885ecb802144c8b32fe25b821\redhat.java\jdt_ws --stdio

Host: 11th Gen Intel(R) Core(TM) i5-1145G7 @ 2.60GHz, 8 cores, 15G,  Windows 11 , 64 bit Build 26100 (10.0.26100.5600)
Time: Tue Sep 15 20:43:01 2026 Pakistan Standard Time elapsed time: 9.502627 seconds (0d 0h 0m 9s)

---------------  T H R E A D  ---------------

Current thread (0x000001a22ccca740):  JavaThread "main"             [_thread_in_vm, id=3424, stack(0x000000841d900000,0x000000841da00000) (1024K)]

Stack: [0x000000841d900000,0x000000841da00000]
Native frames: (J=compiled Java code, j=interpreted, Vv=VM code, C=native code)
V  [jvm.dll+0x6d83e9]
V  [jvm.dll+0x8b5736]
V  [jvm.dll+0x8b7cee]
V  [jvm.dll+0x8b83d3]
V  [jvm.dll+0x284596]
V  [jvm.dll+0x8b147e]
V  [jvm.dll+0x679ad4]
V  [jvm.dll+0x1e849b]
V  [jvm.dll+0x1e825e]
V  [jvm.dll+0x67c3d2]
V  [jvm.dll+0x67c202]
V  [jvm.dll+0x67a4ae]
V  [jvm.dll+0x26e440]
V  [jvm.dll+0x684715]
V  [jvm.dll+0x21973e]
V  [jvm.dll+0x219be5]
V  [jvm.dll+0x21a5d8]
V  [jvm.dll+0x20f80e]
V  [jvm.dll+0x5b6a7f]
V  [jvm.dll+0x82f606]
V  [jvm.dll+0x4792f8]
V  [jvm.dll+0x47f128]
C  [java.dll+0x17ec]

Java frames: (J=compiled Java code, j=interpreted, Vv=VM code)
J 1111  java.lang.ClassLoader.defineClass1(Ljava/lang/ClassLoader;Ljava/lang/String;[BIILjava/security/ProtectionDomain;Ljava/lang/String;)Ljava/lang/Class; java.base@21.0.12.1 (0 bytes) @ 0x000001a239d6f591 [0x000001a239d6f4c0+0x00000000000000d1]
j  java.lang.ClassLoader.defineClass(Ljava/lang/String;[BIILjava/security/ProtectionDomain;)Ljava/lang/Class;+27 java.base@21.0.12.1
j  java.security.SecureClassLoader.defineClass(Ljava/lang/String;[BIILjava/security/CodeSource;)Ljava/lang/Class;+12 java.base@21.0.12.1
j  java.net.URLClassLoader.defineClass(Ljava/lang/String;Ljdk/internal/loader/Resource;)Ljava/lang/Class;+220 java.base@21.0.12.1
j  java.net.URLClassLoader$1.run()Ljava/lang/Class;+43 java.base@21.0.12.1
j  java.net.URLClassLoader$1.run()Ljava/lang/Object;+1 java.base@21.0.12.1
J 1142 c1 java.security.AccessController.executePrivileged(Ljava/security/PrivilegedExceptionAction;Ljava/security/AccessControlContext;Ljava/lang/Class;)Ljava/lang/Object; java.base@21.0.12.1 (65 bytes) @ 0x000001a232402244 [0x000001a2324020e0+0x0000000000000164]
j  java.security.AccessController.doPrivileged(Ljava/security/PrivilegedExceptionAction;Ljava/security/AccessControlContext;)Ljava/lang/Object;+13 java.base@21.0.12.1
j  java.net.URLClassLoader.findClass(Ljava/lang/String;)Ljava/lang/Class;+13 java.base@21.0.12.1
j  java.lang.ClassLoader.loadClass(Ljava/lang/String;Z)Ljava/lang/Class;+69 java.base@21.0.12.1
J 997 c1 java.lang.ClassLoader.loadClass(Ljava/lang/String;)Ljava/lang/Class; java.base@21.0.12.1 (7 bytes) @ 0x000001a2323bf754 [0x000001a2323bf640+0x0000000000000114]
v  ~StubRoutines::call_stub 0x000001a2397610e7
j  org.eclipse.osgi.internal.hookregistry.HookRegistry.initialize()V+106
j  org.eclipse.osgi.internal.framework.EquinoxContainer.<init>(Ljava/util/Map;Lorg/osgi/framework/connect/ModuleConnector;)V+141
j  org.eclipse.osgi.launch.Equinox.<init>(Ljava/util/Map;Lorg/osgi/framework/connect/ModuleConnector;)V+10
j  org.eclipse.osgi.launch.Equinox.<init>(Ljava/util/Map;)V+3
j  org.eclipse.core.runtime.adaptor.EclipseStarter.startup([Ljava/lang/String;Ljava/lang/Runnable;)Lorg/osgi/framework/BundleContext;+28
j  org.eclipse.core.runtime.adaptor.EclipseStarter.run([Ljava/lang/String;Ljava/lang/Runnable;)Ljava/lang/Object;+21
j  java.lang.invoke.DirectMethodHandle$Holder.invokeStatic(Ljava/lang/Object;Ljava/lang/Object;Ljava/lang/Object;)Ljava/lang/Object;+11 java.base@21.0.12.1
j  java.lang.invoke.LambdaForm$MH+0x000001a24708a800.invoke(Ljava/lang/Object;Ljava/lang/Object;Ljava/lang/Object;Ljava/lang/Object;)Ljava/lang/Object;+54 java.base@21.0.12.1
j  java.lang.invoke.LambdaForm$MH+0x000001a247002c00.invokeExact_MT(Ljava/lang/Object;Ljava/lang/Object;Ljava/lang/Object;Ljava/lang/Object;Ljava/lang/Object;)Ljava/lang/Object;+22 java.base@21.0.12.1
j  jdk.internal.reflect.DirectMethodHandleAccessor.invokeImpl(Ljava/lang/Object;[Ljava/lang/Object;)Ljava/lang/Object;+72 java.base@21.0.12.1
j  jdk.internal.reflect.DirectMethodHandleAccessor.invoke(Ljava/lang/Object;[Ljava/lang/Object;)Ljava/lang/Object;+23 java.base@21.0.12.1
j  java.lang.reflect.Method.invoke(Ljava/lang/Object;[Ljava/lang/Object;)Ljava/lang/Object;+102 java.base@21.0.12.1
j  org.eclipse.equinox.launcher.Main.invokeFramework([Ljava/lang/String;[Ljava/net/URL;)V+155
j  org.eclipse.equinox.launcher.Main.basicRun([Ljava/lang/String;)V+191
j  org.eclipse.equinox.launcher.Main.run([Ljava/lang/String;)I+4
j  org.eclipse.equinox.launcher.Main.main([Ljava/lang/String;)V+10
v  ~StubRoutines::call_stub 0x000001a2397610e7

Compiled method (n/a) 14608 1111     n 0       java.lang.ClassLoader::defineClass1 (native)
 total in heap  [0x000001a239d6f310,0x000001a239d6f798] = 1160
 relocation     [0x000001a239d6f470,0x000001a239d6f4a8] = 56
 main code      [0x000001a239d6f4c0,0x000001a239d6f796] = 726
 stub code      [0x000001a239d6f796,0x000001a239d6f798] = 2

[Constant Pool (empty)]

[MachCode]
[Entry Point]
  # {method} {0x000001a246434c38} 'defineClass1' '(Ljava/lang/ClassLoader;Ljava/lang/String;[BIILjava/security/ProtectionDomain;Ljava/lang/String;)Ljava/lang/Class;' in 'java/lang/ClassLoader'
  # parm0:    rdx:rdx   = 'java/lang/ClassLoader'
  # parm1:    r8:r8     = 'java/lang/String'
  # parm2:    r9:r9     = '[B'
  # parm3:    rdi       = int
  # parm4:    rsi       = int
  # parm5:    rcx:rcx   = 'java/security/ProtectionDomain'
  # parm6:    [sp+0xa0]   = 'java/lang/String'  (sp of caller)
  0x000001a239d6f4c0: 448b 5208 | 49bb 0000 | 0046 a201 | 0000 4d03 | d349 3bc2 | 0f84 0600 

  0x000001a239d6f4d8: ;   {runtime_call ic_miss_stub}
  0x000001a239d6f4d8: 0000 e9a1 | f1a3 ff90 
[Verified Entry Point]
  0x000001a239d6f4e0: 8984 2400 | 80ff ff55 | 488b ec48 | 81ec 9000 | 0000 6690 | 4181 7f20 | 0100 0000 

  0x000001a239d6f4fc: ;   {runtime_call StubRoutines (final stubs)}
  0x000001a239d6f4fc: 7405 e8fd | e2a2 ff48 | 837d 1000 | 488d 4510 | 480f 4445 | 1048 8944 | 2440 4889 | 4c24 7048 
  0x000001a239d6f51c: 83f9 0048 | 8d44 2470 | 480f 4444 | 2470 4889 | 4424 3848 | 8974 2430 | 4889 7c24 | 284c 894c 
  0x000001a239d6f53c: 2458 4983 | f900 488d | 4424 5848 | 0f44 4424 | 5848 8944 | 2420 4c89 | 4424 5049 | 83f8 004c 
  0x000001a239d6f55c: 8d4c 2450 | 4c0f 444c | 2450 4889 | 5424 4848 | 83fa 004c | 8d44 2448 | 4c0f 4444 

  0x000001a239d6f578: ;   {oop(a 'java/lang/Class'{0x0000000080000a18} = 'java/lang/ClassLoader')}
  0x000001a239d6f578: 2448 49be | 180a 0080 | 0000 0000 | 4c89 7424 | 784c 8d74 | 2478 498b | d6c5 f877 

  0x000001a239d6f594: ;   {internal_word}
  0x000001a239d6f594: 49ba 91f5 | d639 a201 | 0000 4d89 | 97a8 0300 | 0049 89a7 | a003 0000 

  0x000001a239d6f5ac: ;   {external_word}
  0x000001a239d6f5ac: 49ba 066d | 2daf ff7f | 0000 4180 | 3a00 0f84 | 4e00 0000 | 5241 5041 

  0x000001a239d6f5c4: ;   {metadata({method} {0x000001a246434c38} 'defineClass1' '(Ljava/lang/ClassLoader;Ljava/lang/String;[BIILjava/security/ProtectionDomain;Ljava/lang/String;)Ljava/lang/Class;' in 'java/lang/ClassLoader')}
  0x000001a239d6f5c4: 5148 ba30 | 4c43 46a2 | 0100 0049 | 8bcf 4883 | ec20 40f6 | c40f 0f84 | 1900 0000 | 4883 ec08 
  0x000001a239d6f5e4: ;   {runtime_call}
  0x000001a239d6f5e4: 48b8 e0ea | d6ae ff7f | 0000 ffd0 | 4883 c408 | e90c 0000 

  0x000001a239d6f5f8: ;   {runtime_call}
  0x000001a239d6f5f8: 0048 b8e0 | ead6 aeff | 7f00 00ff | d048 83c4 | 2041 5941 | 585a 498d | 8fc0 0300 | 0041 c787 
  0x000001a239d6f618: 4c04 0000 | 0400 0000 

  0x000001a239d6f620: ;   {runtime_call}
  0x000001a239d6f620: 48b8 ac16 | 27c3 ff7f | 0000 ffd0 | c5f8 7741 | c787 4c04 | 0000 0500 | 0000 f083 | 4424 c000 
  0x000001a239d6f640: 493b af50 | 0400 000f | 870e 0000 | 0041 83bf | 4804 0000 | 000f 842b | 0000 00c5 | f877 4889 
  0x000001a239d6f660: 45f8 498b | cf4c 8be4 | 4883 ec20 | 4883 e4f0 

  0x000001a239d6f670: ;   {runtime_call}
  0x000001a239d6f670: 48b8 0058 | a2ae ff7f | 0000 ffd0 | 498b e44d | 33e4 488b | 45f8 41c7 | 874c 0400 | 0008 0000 
  0x000001a239d6f690: 0041 83bf | c804 0000 | 020f 84ca 

  0x000001a239d6f69c: ;   {external_word}
  0x000001a239d6f69c: 0000 0049 | ba06 6d2d | afff 7f00 | 0041 803a | 000f 844c | 0000 0048 

  0x000001a239d6f6b4: ;   {metadata({method} {0x000001a246434c38} 'defineClass1' '(Ljava/lang/ClassLoader;Ljava/lang/String;[BIILjava/security/ProtectionDomain;Ljava/lang/String;)Ljava/lang/Class;' in 'java/lang/ClassLoader')}
  0x000001a239d6f6b4: 8945 f848 | ba30 4c43 | 46a2 0100 | 0049 8bcf | 4883 ec20 | 40f6 c40f | 0f84 1900 | 0000 4883 
  0x000001a239d6f6d4: ;   {runtime_call}
  0x000001a239d6f6d4: ec08 48b8 | e0ea d6ae | ff7f 0000 | ffd0 4883 | c408 e90c 

  0x000001a239d6f6e8: ;   {runtime_call}
  0x000001a239d6f6e8: 0000 0048 | b8e0 ead6 | aeff 7f00 | 00ff d048 | 83c4 2048 | 8b45 f849 | c787 a003 | 0000 0000 
  0x000001a239d6f708: 0000 49c7 | 87a8 0300 | 0000 0000 | 00c5 f877 | 4885 c00f | 8425 0000 | 00a8 030f | 8508 0000 
  0x000001a239d6f728: 0048 8b00 | e915 0000 | 00a8 010f | 8509 0000 | 0048 8b40 | fee9 0400 | 0000 488b | 40ff 498b 
  0x000001a239d6f748: 8f30 0400 | 00c7 8100 | 0100 0000 | 0000 00c9 | 4983 7f08 | 000f 8501 | 0000 00c3 

  0x000001a239d6f764: ;   {runtime_call StubRoutines (initial stubs)}
  0x000001a239d6f764: e997 179f | ffc5 f877 | 4889 45f8 | 4c8b e448 | 83ec 2048 

  0x000001a239d6f778: ;   {runtime_call}
  0x000001a239d6f778: 83e4 f048 | b830 22d7 | aeff 7f00 | 00ff d049 | 8be4 4d33 | e448 8b45 | f8e9 09ff | ffff f4f4 
[/MachCode]


Compiled method (c1) 14623 1142       3       java.security.AccessController::executePrivileged (65 bytes)
 total in heap  [0x000001a232401f10,0x000001a232402500] = 1520
 relocation     [0x000001a232402070,0x000001a2324020d8] = 104
 main code      [0x000001a2324020e0,0x000001a232402388] = 680
 stub code      [0x000001a232402388,0x000001a2324023e0] = 88
 metadata       [0x000001a2324023e0,0x000001a2324023f0] = 16
 scopes data    [0x000001a2324023f0,0x000001a232402468] = 120
 scopes pcs     [0x000001a232402468,0x000001a2324024e8] = 128
 dependencies   [0x000001a2324024e8,0x000001a2324024f0] = 8
 nul chk table  [0x000001a2324024f0,0x000001a232402500] = 16

[Constant Pool (empty)]

[MachCode]
[Verified Entry Point]
  # {method} {0x000001a246470a30} 'executePrivileged' '(Ljava/security/PrivilegedExceptionAction;Ljava/security/AccessControlContext;Ljava/lang/Class;)Ljava/lang/Object;' in 'java/security/AccessController'
  # parm0:    rdx:rdx   = 'java/security/PrivilegedExceptionAction'
  # parm1:    r8:r8     = 'java/security/AccessControlContext'
  # parm2:    r9:r9     = 'java/lang/Class'
  #           [sp+0x50]  (sp of caller)
  0x000001a2324020e0: 8984 2400 | 80ff ff55 | 4883 ec40 | 4181 7f20 | 0100 0000 

  0x000001a2324020f4: ;   {runtime_call StubRoutines (final stubs)}
  0x000001a2324020f4: 7405 e805 | b739 074c | 8944 2430 

  0x000001a232402100: ;   {metadata(method data for {method} {0x000001a246470a30} 'executePrivileged' '(Ljava/security/PrivilegedExceptionAction;Ljava/security/AccessControlContext;Ljava/lang/Class;)Ljava/lang/Object;' in 'java/security/AccessController')}
  0x000001a232402100: 48be 584e | 3289 a201 | 0000 8bbe | cc00 0000 | 83c7 0289 | becc 0000 | 0081 e7fe | 0700 0085 
  0x000001a232402120: ff0f 84bf | 0100 004d 

  0x000001a232402128: ;   {metadata(method data for {method} {0x000001a246470a30} 'executePrivileged' '(Ljava/security/PrivilegedExceptionAction;Ljava/security/AccessControlContext;Ljava/lang/Class;)Ljava/lang/Object;' in 'java/security/AccessController')}
  0x000001a232402128: 85c0 48be | 584e 3289 | a201 0000 | 48c7 c710 | 0100 0074 | 0748 c7c7 | 2001 0000 | 488b 1c3e 
  0x000001a232402148: 488d 5b01 | 4889 1c3e | 4c89 4c24 | 2848 8954 | 2420 0f84 | 2400 0000 

  0x000001a232402160: ;   {metadata(method data for {method} {0x000001a246470a30} 'executePrivileged' '(Ljava/security/PrivilegedExceptionAction;Ljava/security/AccessControlContext;Ljava/lang/Class;)Ljava/lang/Object;' in 'java/security/AccessController')}
  0x000001a232402160: 48be 584e | 3289 a201 | 0000 4883 | 8630 0100 | 0001 498b 

  0x000001a232402174: ;   {static_call}
  0x000001a232402174: d066 90e8 

  0x000001a232402178: ; ImmutableOopMap {[32]=Oop [40]=Oop [48]=Oop }
                      ;*invokestatic ensureMaterializedForStackWalk {reexecute=0 rethrow=0 return_oop=0}
                      ; - java.security.AccessController::executePrivileged@5
  0x000001a232402178: 2002 0000 

  0x000001a23240217c: ;   {other}
  0x000001a23240217c: 0f1f 8400 | 6c02 0000 

  0x000001a232402184: ;   {metadata(method data for {method} {0x000001a246470a30} 'executePrivileged' '(Ljava/security/PrivilegedExceptionAction;Ljava/security/AccessControlContext;Ljava/lang/Class;)Ljava/lang/Object;' in 'java/security/AccessController')}
  0x000001a232402184: 48ba 584e | 3289 a201 | 0000 ff82 | 4001 0000 | 488b 5424 | 2048 3b02 

  0x000001a23240219c: ;   {metadata(method data for {method} {0x000001a246470a30} 'executePrivileged' '(Ljava/security/PrivilegedExceptionAction;Ljava/security/AccessControlContext;Ljava/lang/Class;)Ljava/lang/Object;' in 'java/security/AccessController')}
  0x000001a23240219c: 488b f248 | bf58 4e32 | 89a2 0100 | 008b 7608 | 49ba 0000 | 0046 a201 | 0000 4903 | f248 3bb7 
  0x000001a2324021bc: b001 0000 | 750d 4883 | 87b8 0100 | 0001 e960 | 0000 0048 | 3bb7 c001 | 0000 750d | 4883 87c8 
  0x000001a2324021dc: 0100 0001 | e94a 0000 | 0048 83bf | b001 0000 | 0075 1748 | 89b7 b001 | 0000 48c7 | 87b8 0100 
  0x000001a2324021fc: 0001 0000 | 00e9 2900 | 0000 4883 | bfc0 0100 | 0000 7517 | 4889 b7c0 | 0100 0048 | c787 c801 
  0x000001a23240221c: 0000 0100 | 0000 e908 | 0000 0048 | 8387 a001 | 0000 0166 | 0f1f 4400 | 0048 b8ff | ffff ffff 
  0x000001a23240223c: ;   {virtual_call}
  0x000001a23240223c: ffff ffe8 

  0x000001a232402240: ; ImmutableOopMap {[40]=Oop [48]=Oop }
                      ;*invokeinterface run {reexecute=0 rethrow=0 return_oop=0}
                      ; - java.security.AccessController::executePrivileged@29
  0x000001a232402240: 9c95 3a07 

  0x000001a232402244: ;   {other}
  0x000001a232402244: 0f1f 8400 | 3403 0001 

  0x000001a23240224c: ;   {metadata(method data for {method} {0x000001a246470a30} 'executePrivileged' '(Ljava/security/PrivilegedExceptionAction;Ljava/security/AccessControlContext;Ljava/lang/Class;)Ljava/lang/Object;' in 'java/security/AccessController')}
  0x000001a23240224c: 48be 584e | 3289 a201 | 0000 ff86 | d801 0000 | 4c8b 4c24 

  0x000001a232402260: ;   {metadata(method data for {method} {0x000001a246470a30} 'executePrivileged' '(Ljava/security/PrivilegedExceptionAction;Ljava/security/AccessControlContext;Ljava/lang/Class;)Ljava/lang/Object;' in 'java/security/AccessController')}
  0x000001a232402260: 2848 be58 | 4e32 89a2 | 0100 0048 | 8386 3802 

  0x000001a232402270: ;   {metadata(method data for {method} {0x000001a24603dbd0} 'reachabilityFence' '(Ljava/lang/Object;)V' in 'java/lang/ref/Reference')}
  0x000001a232402270: 0000 0148 | be50 e205 | 89a2 0100 | 008b becc | 0000 0083 | c702 89be | cc00 0000 | 81e7 feff 
  0x000001a232402290: 1f00 85ff | 0f84 7200 

  0x000001a232402298: ;   {metadata(method data for {method} {0x000001a246470a30} 'executePrivileged' '(Ljava/security/PrivilegedExceptionAction;Ljava/security/AccessControlContext;Ljava/lang/Class;)Ljava/lang/Object;' in 'java/security/AccessController')}
  0x000001a232402298: 0000 48be | 584e 3289 | a201 0000 | 4883 8648 | 0200 0001 

  0x000001a2324022ac: ;   {metadata(method data for {method} {0x000001a24603dbd0} 'reachabilityFence' '(Ljava/lang/Object;)V' in 'java/lang/ref/Reference')}
  0x000001a2324022ac: 48be 50e2 | 0589 a201 | 0000 8bbe | cc00 0000 | 83c7 0289 | becc 0000 | 0081 e7fe | ff1f 0085 
  0x000001a2324022cc: ff0f 845a | 0000 0048 | 83c4 405d 

  0x000001a2324022d8: ;   {poll_return}
  0x000001a2324022d8: 493b a750 | 0400 000f | 8766 0000 

  0x000001a2324022e4: ;   {metadata({method} {0x000001a246470a30} 'executePrivileged' '(Ljava/security/PrivilegedExceptionAction;Ljava/security/AccessControlContext;Ljava/lang/Class;)Ljava/lang/Object;' in 'java/security/AccessController')}
  0x000001a2324022e4: 00c3 49ba | 280a 4746 | a201 0000 | 4c89 5424 | 0848 c704 | 24ff ffff 

  0x000001a2324022fc: ;   {runtime_call counter_overflow Runtime1 stub}
  0x000001a2324022fc: ffe8 7e38 

  0x000001a232402300: ; ImmutableOopMap {rdx=Oop r8=Oop r9=Oop [48]=Oop }
                      ;*synchronization entry
                      ; - java.security.AccessController::executePrivileged@-1
  0x000001a232402300: 4607 e920 

  0x000001a232402304: ;   {runtime_call throw_null_pointer_exception Runtime1 stub}
  0x000001a232402304: feff ffe8 

  0x000001a232402308: ; ImmutableOopMap {rdx=Oop [40]=Oop [48]=Oop }
                      ;*invokeinterface run {reexecute=0 rethrow=0 return_oop=0}
                      ; - java.security.AccessController::executePrivileged@29
  0x000001a232402308: 14c4 4507 

  0x000001a23240230c: ;   {metadata({method} {0x000001a24603dbd0} 'reachabilityFence' '(Ljava/lang/Object;)V' in 'java/lang/ref/Reference')}
  0x000001a23240230c: 49ba c8db | 0346 a201 | 0000 4c89 | 5424 0848 | c704 24ff 

  0x000001a232402320: ;   {runtime_call counter_overflow Runtime1 stub}
  0x000001a232402320: ffff ffe8 

  0x000001a232402324: ; ImmutableOopMap {rax=Oop r9=Oop }
                      ;*synchronization entry
                      ; - java.lang.ref.Reference::reachabilityFence@-1
                      ; - java.security.AccessController::executePrivileged@56
  0x000001a232402324: 5838 4607 | e96d ffff 

  0x000001a23240232c: ;   {metadata({method} {0x000001a24603dbd0} 'reachabilityFence' '(Ljava/lang/Object;)V' in 'java/lang/ref/Reference')}
  0x000001a23240232c: ff49 bac8 | db03 46a2 | 0100 004c | 8954 2408 | 48c7 0424 | ffff ffff 

  0x000001a232402344: ;   {runtime_call counter_overflow Runtime1 stub}
  0x000001a232402344: e837 3846 

  0x000001a232402348: ; ImmutableOopMap {rax=Oop }
                      ;*synchronization entry
                      ; - java.lang.ref.Reference::reachabilityFence@-1
                      ; - java.security.AccessController::executePrivileged@60
                      ;   {internal_word}
  0x000001a232402348: 07eb 8849 | bad8 2240 | 32a2 0100 | 004d 8997 | 6804 0000 

  0x000001a23240235c: ;   {runtime_call SafepointBlob}
  0x000001a23240235c: e91f 383b | 0749 8b87 | 0005 0000 | 49c7 8700 | 0500 0000 | 0000 0049 | c787 0805 | 0000 0000 
  0x000001a23240237c: 0000 4883 

  0x000001a232402380: ;   {runtime_call unwind_exception Runtime1 stub}
  0x000001a232402380: c440 5de9 | 78b4 4507 
[Stub Code]
  0x000001a232402388: ;   {no_reloc}
  0x000001a232402388: 0f1f 4400 

  0x000001a23240238c: ;   {static_stub}
  0x000001a23240238c: 0048 bb00 | 0000 0000 

  0x000001a232402394: ;   {runtime_call nmethod}
  0x000001a232402394: 0000 00e9 | fbff ffff 

  0x000001a23240239c: ;   {static_stub}
  0x000001a23240239c: 48bb a808 | 4746 a201 

  0x000001a2324023a4: ;   {runtime_call I2C/C2I adapters}
  0x000001a2324023a4: 0000 e938 

  0x000001a2324023a8: ;   {runtime_call handle_exception_from_callee Runtime1 stub}
  0x000001a2324023a8: b83a 07e8 | 50ec 4507 

  0x000001a2324023b0: ;   {external_word}
  0x000001a2324023b0: 48b9 5063 | 03af ff7f | 0000 4883 

  0x000001a2324023bc: ;   {runtime_call}
  0x000001a2324023bc: e4f0 48b8 | c0c9 c5ae | ff7f 0000 

  0x000001a2324023c8: ;   {section_word}
  0x000001a2324023c8: ffd0 f449 | bacb 2340 | 32a2 0100 

  0x000001a2324023d4: ;   {runtime_call DeoptimizationBlob}
  0x000001a2324023d4: 0041 52e9 | 444c 3b07 | f4f4 f4f4 
[/MachCode]


Compiled method (c1) 14639  997       3       java.lang.ClassLoader::loadClass (7 bytes)
 total in heap  [0x000001a2323bf490,0x000001a2323bf880] = 1008
 relocation     [0x000001a2323bf5f0,0x000001a2323bf630] = 64
 main code      [0x000001a2323bf640,0x000001a2323bf7d0] = 400
 stub code      [0x000001a2323bf7d0,0x000001a2323bf818] = 72
 metadata       [0x000001a2323bf818,0x000001a2323bf820] = 8
 scopes data    [0x000001a2323bf820,0x000001a2323bf838] = 24
 scopes pcs     [0x000001a2323bf838,0x000001a2323bf878] = 64
 dependencies   [0x000001a2323bf878,0x000001a2323bf880] = 8

[Constant Pool (empty)]

[MachCode]
[Entry Point]
  # {method} {0x000001a2460143f0} 'loadClass' '(Ljava/lang/String;)Ljava/lang/Class;' in 'java/lang/ClassLoader'
  # this:     rdx:rdx   = 'java/lang/ClassLoader'
  # parm0:    r8:r8     = 'java/lang/String'
  #           [sp+0x40]  (sp of caller)
  0x000001a2323bf640: 448b 5208 | 49bb 0000 | 0046 a201 | 0000 4d03 | d34c 3bd0 

  0x000001a2323bf654: ;   {runtime_call ic_miss_stub}
  0x000001a2323bf654: 0f85 26f0 | 3e07 660f | 1f44 0000 
[Verified Entry Point]
  0x000001a2323bf660: 8984 2400 | 80ff ff55 | 4883 ec30 | 4181 7f20 | 0100 0000 

  0x000001a2323bf674: ;   {runtime_call StubRoutines (final stubs)}
  0x000001a2323bf674: 7405 e885 

  0x000001a2323bf678: ;   {metadata(method data for {method} {0x000001a2460143f0} 'loadClass' '(Ljava/lang/String;)Ljava/lang/Class;' in 'java/lang/ClassLoader')}
  0x000001a2323bf678: e13d 0749 | b960 402b | 89a2 0100 | 0041 8bb1 | cc00 0000 | 83c6 0241 | 89b1 cc00 | 0000 81e6 
  0x000001a2323bf698: fe07 0000 | 85f6 0f84 | cb00 0000 

  0x000001a2323bf6a4: ;   {metadata(method data for {method} {0x000001a2460143f0} 'loadClass' '(Ljava/lang/String;)Ljava/lang/Class;' in 'java/lang/ClassLoader')}
  0x000001a2323bf6a4: 4c8b ca48 | be60 402b | 89a2 0100 | 0045 8b49 | 0849 ba00 | 0000 46a2 | 0100 004d | 03ca 4c3b 
  0x000001a2323bf6c4: 8e20 0100 | 0075 0d48 | 8386 2801 | 0000 01e9 | 6000 0000 | 4c3b 8e30 | 0100 0075 | 0d48 8386 
  0x000001a2323bf6e4: 3801 0000 | 01e9 4a00 | 0000 4883 | be20 0100 | 0000 7517 | 4c89 8e20 | 0100 0048 | c786 2801 
  0x000001a2323bf704: 0000 0100 | 0000 e929 | 0000 0048 | 83be 3001 | 0000 0075 | 174c 898e | 3001 0000 | 48c7 8638 
  0x000001a2323bf724: 0100 0001 | 0000 00e9 | 0800 0000 | 4883 8610 | 0100 0001 | 41b9 0000 | 0000 0f1f | 8000 0000 
  0x000001a2323bf744: 0048 b8d0 | eeda 88a2 

  0x000001a2323bf74c: ;   {virtual_call}
  0x000001a2323bf74c: 0100 00e8 

  0x000001a2323bf750: ; ImmutableOopMap {}
                      ;*invokevirtual loadClass {reexecute=0 rethrow=0 return_oop=0}
                      ; - java.lang.ClassLoader::loadClass@3
  0x000001a2323bf750: e5a9 3e07 

  0x000001a2323bf754: ;   {other}
  0x000001a2323bf754: 0f1f 8400 | c402 0000 | 4883 c430 

  0x000001a2323bf760: ;   {poll_return}
  0x000001a2323bf760: 5d49 3ba7 | 5004 0000 | 0f87 2200 

  0x000001a2323bf76c: ;   {metadata({method} {0x000001a2460143f0} 'loadClass' '(Ljava/lang/String;)Ljava/lang/Class;' in 'java/lang/ClassLoader')}
  0x000001a2323bf76c: 0000 c349 | bae8 4301 | 46a2 0100 | 004c 8954 | 2408 48c7 | 0424 ffff 

  0x000001a2323bf784: ;   {runtime_call counter_overflow Runtime1 stub}
  0x000001a2323bf784: ffff e8f5 

  0x000001a2323bf788: ; ImmutableOopMap {rdx=Oop r8=Oop }
                      ;*synchronization entry
                      ; - java.lang.ClassLoader::loadClass@-1
  0x000001a2323bf788: 634a 07e9 | 14ff ffff 

  0x000001a2323bf790: ;   {internal_word}
  0x000001a2323bf790: 49ba 61f7 | 3b32 a201 | 0000 4d89 | 9768 0400 

  0x000001a2323bf7a0: ;   {runtime_call SafepointBlob}
  0x000001a2323bf7a0: 00e9 da63 | 3f07 498b | 8700 0500 | 0049 c787 | 0005 0000 | 0000 0000 | 49c7 8708 | 0500 0000 
  0x000001a2323bf7c0: 0000 0048 | 83c4 305d 

  0x000001a2323bf7c8: ;   {runtime_call unwind_exception Runtime1 stub}
  0x000001a2323bf7c8: e933 e049 | 07f4 f4f4 
[Stub Code]
  0x000001a2323bf7d0: ;   {no_reloc}
  0x000001a2323bf7d0: 0f1f 4400 

  0x000001a2323bf7d4: ;   {static_stub}
  0x000001a2323bf7d4: 0048 bb00 | 0000 0000 

  0x000001a2323bf7dc: ;   {runtime_call nmethod}
  0x000001a2323bf7dc: 0000 00e9 | fbff ffff 
[Exception Handler]
  0x000001a2323bf7e4: ;   {runtime_call handle_exception_from_callee Runtime1 stub}
  0x000001a2323bf7e4: e817 184a 

  0x000001a2323bf7e8: ;   {external_word}
  0x000001a2323bf7e8: 0748 b950 | 6303 afff | 7f00 0048 

  0x000001a2323bf7f4: ;   {runtime_call}
  0x000001a2323bf7f4: 83e4 f048 | b8c0 c9c5 | aeff 7f00 | 00ff d0f4 
[Deopt Handler Code]
  0x000001a2323bf804: ;   {section_word}
  0x000001a2323bf804: 49ba 04f8 | 3b32 a201 | 0000 4152 

  0x000001a2323bf810: ;   {runtime_call DeoptimizationBlob}
  0x000001a2323bf810: e90b 783f | 07f4 f4f4 
[/MachCode]


---------------  P R O C E S S  ---------------

Threads class SMR info:
_java_thread_list=0x000001a28866ade0, length=13, elements={
0x000001a22ccca740, 0x000001a22efa4a70, 0x000001a22efa5c40, 0x000001a22efac8a0,
0x000001a22efaf680, 0x000001a22efb0bb0, 0x000001a22efb4630, 0x000001a22efbd070,
0x000001a22efc72c0, 0x000001a28856fcc0, 0x000001a2886955f0, 0x000001a288672920,
0x000001a288672fd0
}

Java Threads: ( => current thread )
=>0x000001a22ccca740 JavaThread "main"                              [_thread_in_vm, id=3424, stack(0x000000841d900000,0x000000841da00000) (1024K)]
  0x000001a22efa4a70 JavaThread "Reference Handler"          daemon [_thread_blocked, id=1376, stack(0x000000841dd00000,0x000000841de00000) (1024K)]
  0x000001a22efa5c40 JavaThread "Finalizer"                  daemon [_thread_blocked, id=18672, stack(0x000000841de00000,0x000000841df00000) (1024K)]
  0x000001a22efac8a0 JavaThread "Signal Dispatcher"          daemon [_thread_blocked, id=18656, stack(0x000000841df00000,0x000000841e000000) (1024K)]
  0x000001a22efaf680 JavaThread "Attach Listener"            daemon [_thread_blocked, id=13192, stack(0x000000841e000000,0x000000841e100000) (1024K)]
  0x000001a22efb0bb0 JavaThread "Service Thread"             daemon [_thread_blocked, id=19156, stack(0x000000841e100000,0x000000841e200000) (1024K)]
  0x000001a22efb4630 JavaThread "Monitor Deflation Thread"   daemon [_thread_blocked, id=17880, stack(0x000000841e200000,0x000000841e300000) (1024K)]
  0x000001a22efbd070 JavaThread "C2 CompilerThread0"         daemon [_thread_blocked, id=19164, stack(0x000000841e300000,0x000000841e400000) (1024K)]
  0x000001a22efc72c0 JavaThread "C1 CompilerThread0"         daemon [_thread_blocked, id=11472, stack(0x000000841e400000,0x000000841e500000) (1024K)]
  0x000001a28856fcc0 JavaThread "Common-Cleaner"             daemon [_thread_blocked, id=18500, stack(0x000000841e500000,0x000000841e600000) (1024K)]
  0x000001a2886955f0 JavaThread "Notification Thread"        daemon [_thread_blocked, id=6264, stack(0x000000841e600000,0x000000841e700000) (1024K)]
  0x000001a288672920 JavaThread "C2 CompilerThread1"         daemon [_thread_blocked, id=17356, stack(0x000000841e700000,0x000000841e800000) (1024K)]
  0x000001a288672fd0 JavaThread "C2 CompilerThread2"         daemon [_thread_blocked, id=6676, stack(0x000000841e800000,0x000000841e900000) (1024K)]
Total: 13

Other Threads:
  0x000001a22ef825d0 VMThread "VM Thread"                           [id=16788, stack(0x000000841dc00000,0x000000841dd00000) (1024K)] _threads_hazard_ptr=0x000001a28866ade0
  0x000001a22f099c00 WatcherThread "VM Periodic Task Thread"        [id=9088, stack(0x000000841db00000,0x000000841dc00000) (1024K)]
  0x000001a22f04ba50 WorkerThread "GC Thread#0"                     [id=2624, stack(0x000000841da00000,0x000000841db00000) (1024K)]
  0x000001a288674a10 WorkerThread "GC Thread#1"                     [id=18856, stack(0x000000841e900000,0x000000841ea00000) (1024K)]
  0x000001a2888bb2f0 WorkerThread "GC Thread#2"                     [id=3884, stack(0x000000841ea00000,0x000000841eb00000) (1024K)]
  0x000001a28d168550 WorkerThread "GC Thread#3"                     [id=14012, stack(0x000000841eb00000,0x000000841ec00000) (1024K)]
  0x000001a288880150 WorkerThread "GC Thread#4"                     [id=2712, stack(0x000000841ec00000,0x000000841ed00000) (1024K)]
  0x000001a288880500 WorkerThread "GC Thread#5"                     [id=18364, stack(0x000000841ed00000,0x000000841ee00000) (1024K)]
  0x000001a288674dc0 WorkerThread "GC Thread#6"                     [id=1860, stack(0x000000841ee00000,0x000000841ef00000) (1024K)]
Total: 9

Threads with active compile tasks:
Total: 0

VM state: synchronizing (normal execution)

VM Mutex/Monitor currently owned by a thread:  ([mutex/lock_event])
[0x00007fffaf2ed530] Metaspace_lock - owner thread: 0x000001a22ccca740
[0x00007fffaf2ef5b0] Threads_lock - owner thread: 0x000001a22ef825d0

Heap address: 0x0000000080000000, size: 2048 MB, Compressed Oops mode: 32-bit

CDS archive(s) mapped at: [0x000001a246000000-0x000001a246ba0000-0x000001a246ba0000), size 12189696, SharedBaseAddress: 0x000001a246000000, ArchiveRelocationMode: 1.
Compressed class space mapped at: 0x000001a247000000-0x000001a287000000, reserved size: 1073741824
Narrow klass base: 0x000001a246000000, Narrow klass shift: 0, Narrow klass range: 0x100000000

GC Precious Log:
 CardTable entry size: 512
 CPUs: 8 total, 8 available
 Memory: 16064M
 Large Page Support: Disabled
 NUMA Support: Disabled
 Compressed Oops: Enabled (32-bit)
 Alignments: Space 512K, Generation 512K, Heap 2M
 Heap Min Capacity: 100M
 Heap Initial Capacity: 100M
 Heap Max Capacity: 2G
 Pre-touch: Disabled
 Parallel Workers: 8

Heap:
 PSYoungGen      total 29696K, used 6031K [0x00000000d5580000, 0x00000000d7680000, 0x0000000100000000)
  eden space 25600K, 10% used [0x00000000d5580000,0x00000000d582ddd0,0x00000000d6e80000)
  from space 4096K, 80% used [0x00000000d6e80000,0x00000000d71b5ea8,0x00000000d7280000)
  to   space 4096K, 0% used [0x00000000d7280000,0x00000000d7280000,0x00000000d7680000)
 ParOldGen       total 68608K, used 16K [0x0000000080000000, 0x0000000084300000, 0x00000000d5580000)
  object space 68608K, 0% used [0x0000000080000000,0x0000000080004000,0x0000000084300000)
 Metaspace       used 4816K, committed 5056K, reserved 1114112K
  class space    used 526K, committed 640K, reserved 1048576K

Card table byte_map: [0x000001a22e9d0000,0x000001a22ede0000] _byte_map_base: 0x000001a22e5d0000

Marking Bits: (ParMarkBitMap*) 0x00007fffaf2f44a0
 Begin Bits: [0x000001a2414e0000, 0x000001a2434e0000)
 End Bits:   [0x000001a2434e0000, 0x000001a2454e0000)

Polling page: 0x000001a22cfd0000

Metaspace:

Usage:
  Non-class:      4.19 MB used.
      Class:    526.12 KB used.
       Both:      4.70 MB used.

Virtual space:
  Non-class space:       64.00 MB reserved,       4.31 MB (  7%) committed,  1 nodes.
      Class space:        1.00 GB reserved,     640.00 KB ( <1%) committed,  1 nodes.
             Both:        1.06 GB reserved,       4.94 MB ( <1%) committed. 

Chunk freelists:
   Non-Class:  10.86 MB
       Class:  15.39 MB
        Both:  26.25 MB

MaxMetaspaceSize: unlimited
CompressedClassSpaceSize: 1.00 GB
Initial GC threshold: 21.00 MB
Current GC threshold: 21.00 MB
CDS: on
 - commit_granule_bytes: 65536.
 - commit_granule_words: 8192.
 - virtual_space_node_default_size: 8388608.
 - enlarge_chunks_in_place: 1.
 - use_allocation_guard: 0.


Internal statistics:

num_allocs_failed_limit: 0.
num_arena_births: 186.
num_arena_deaths: 0.
num_vsnodes_births: 2.
num_vsnodes_deaths: 0.
num_space_committed: 79.
num_space_uncommitted: 0.
num_chunks_returned_to_freelist: 0.
num_chunks_taken_from_freelist: 267.
num_chunk_merges: 0.
num_chunk_splits: 171.
num_chunks_enlarged: 101.
num_inconsistent_stats: 0.

CodeHeap 'non-profiled nmethods': size=120000Kb used=455Kb max_used=455Kb free=119544Kb
 bounds [0x000001a239d00000, 0x000001a239f70000, 0x000001a241230000]
CodeHeap 'profiled nmethods': size=120000Kb used=1872Kb max_used=1872Kb free=118127Kb
 bounds [0x000001a232230000, 0x000001a2324a0000, 0x000001a239760000]
CodeHeap 'non-nmethods': size=5760Kb used=1205Kb max_used=1230Kb free=4554Kb
 bounds [0x000001a239760000, 0x000001a2399d0000, 0x000001a239d00000]
CodeCache: size=245760Kb, used=3532Kb, max_used=3557Kb, free=242225Kb
 total_blobs=1599, nmethods=1143, adapters=363, full_count=0
Compilation: enabled, stopped_count=0, restarted_count=0

Compilation events (20 events):
Event: 7.467 Thread 0x000001a22efc72c0 1138       3       java.util.ArrayList::clear (43 bytes)
Event: 7.468 Thread 0x000001a22efc72c0 nmethod 1138 0x000001a232400810 code [0x000001a2324009c0, 0x000001a232400cf8]
Event: 7.470 Thread 0x000001a22efc72c0 1139       3       java.security.MessageDigest::update (45 bytes)
Event: 7.471 Thread 0x000001a22efc72c0 nmethod 1139 0x000001a232400e10 code [0x000001a232401000, 0x000001a2324014c0]
Event: 7.471 Thread 0x000001a22efc72c0 1140       3       java.lang.StringCoding::hasNegatives (16 bytes)
Event: 7.471 Thread 0x000001a22efc72c0 nmethod 1140 0x000001a232401690 code [0x000001a232401840, 0x000001a2324019b0]
Event: 7.471 Thread 0x000001a22efc72c0 1141       3       java.util.jar.JarVerifier$VerifierStream::ensureOpen (18 bytes)
Event: 7.472 Thread 0x000001a22efc72c0 nmethod 1141 0x000001a232401a90 code [0x000001a232401c40, 0x000001a232401e48]
Event: 7.473 Thread 0x000001a22efc72c0 1142       3       java.security.AccessController::executePrivileged (65 bytes)
Event: 7.473 Thread 0x000001a22efc72c0 nmethod 1142 0x000001a232401f10 code [0x000001a2324020e0, 0x000001a2324023e0]
Event: 7.473 Thread 0x000001a22efc72c0 1143       3       java.util.jar.JarVerifier$VerifierStream::read (107 bytes)
Event: 7.474 Thread 0x000001a22efc72c0 nmethod 1143 0x000001a232402510 code [0x000001a232402720, 0x000001a232402c98]
Event: 7.474 Thread 0x000001a22efc72c0 1144       3       java.util.ArrayDeque::poll (5 bytes)
Event: 7.474 Thread 0x000001a22efc72c0 nmethod 1144 0x000001a232402e90 code [0x000001a232403040, 0x000001a232403198]
Event: 7.474 Thread 0x000001a22efc72c0 1145       1       java.security.Provider::getName (5 bytes)
Event: 7.474 Thread 0x000001a22efc72c0 nmethod 1145 0x000001a239d71710 code [0x000001a239d718a0, 0x000001a239d71968]
Event: 7.474 Thread 0x000001a22efc72c0 1146       3       java.util.HashMap::getNode (150 bytes)
Event: 7.475 Thread 0x000001a22efc72c0 nmethod 1146 0x000001a232403290 code [0x000001a2324034e0, 0x000001a232404010]
Event: 7.475 Thread 0x000001a22efc72c0 1147       1       sun.security.provider.DigestBase::engineGetDigestLength (5 bytes)
Event: 7.475 Thread 0x000001a22efc72c0 nmethod 1147 0x000001a239d71a10 code [0x000001a239d71ba0, 0x000001a239d71c68]

GC Heap History (2 events):
Event: 7.346 GC heap before
{Heap before GC invocations=1 (full 0):
 PSYoungGen      total 29696K, used 25600K [0x00000000d5580000, 0x00000000d7680000, 0x0000000100000000)
  eden space 25600K, 100% used [0x00000000d5580000,0x00000000d6e80000,0x00000000d6e80000)
  from space 4096K, 0% used [0x00000000d7280000,0x00000000d7280000,0x00000000d7680000)
  to   space 4096K, 0% used [0x00000000d6e80000,0x00000000d6e80000,0x00000000d7280000)
 ParOldGen       total 68608K, used 0K [0x0000000080000000, 0x0000000084300000, 0x00000000d5580000)
  object space 68608K, 0% used [0x0000000080000000,0x0000000080000000,0x0000000084300000)
 Metaspace       used 4320K, committed 4544K, reserved 1114112K
  class space    used 475K, committed 576K, reserved 1048576K
}
Event: 7.355 GC heap after
{Heap after GC invocations=1 (full 0):
 PSYoungGen      total 29696K, used 3287K [0x00000000d5580000, 0x00000000d7680000, 0x0000000100000000)
  eden space 25600K, 0% used [0x00000000d5580000,0x00000000d5580000,0x00000000d6e80000)
  from space 4096K, 80% used [0x00000000d6e80000,0x00000000d71b5ea8,0x00000000d7280000)
  to   space 4096K, 0% used [0x00000000d7280000,0x00000000d7280000,0x00000000d7680000)
 ParOldGen       total 68608K, used 16K [0x0000000080000000, 0x0000000084300000, 0x00000000d5580000)
  object space 68608K, 0% used [0x0000000080000000,0x0000000080004000,0x0000000084300000)
 Metaspace       used 4320K, committed 4544K, reserved 1114112K
  class space    used 475K, committed 576K, reserved 1048576K
}

Dll operation events (16 events):
Event: 0.031 Attempting to load shared library c:\Users\hp\.vscode\extensions\redhat.java-1.56.0-win32-x64\jre\21.0.12.1-win32-x86_64\bin\java.dll
Event: 0.031 Loaded shared library c:\Users\hp\.vscode\extensions\redhat.java-1.56.0-win32-x64\jre\21.0.12.1-win32-x86_64\bin\java.dll
Event: 0.232 Attempting to load shared library c:\Users\hp\.vscode\extensions\redhat.java-1.56.0-win32-x64\jre\21.0.12.1-win32-x86_64\bin\zip.dll
Event: 0.232 Loaded shared library c:\Users\hp\.vscode\extensions\redhat.java-1.56.0-win32-x64\jre\21.0.12.1-win32-x86_64\bin\zip.dll
Event: 0.296 Attempting to load shared library C:\Users\hp\.vscode\extensions\redhat.java-1.56.0-win32-x64\jre\21.0.12.1-win32-x86_64\bin\instrument.dll
Event: 0.296 Loaded shared library C:\Users\hp\.vscode\extensions\redhat.java-1.56.0-win32-x64\jre\21.0.12.1-win32-x86_64\bin\instrument.dll
Event: 0.303 Attempting to load shared library C:\Users\hp\.vscode\extensions\redhat.java-1.56.0-win32-x64\jre\21.0.12.1-win32-x86_64\bin\net.dll
Event: 0.305 Loaded shared library C:\Users\hp\.vscode\extensions\redhat.java-1.56.0-win32-x64\jre\21.0.12.1-win32-x86_64\bin\net.dll
Event: 0.309 Attempting to load shared library C:\Users\hp\.vscode\extensions\redhat.java-1.56.0-win32-x64\jre\21.0.12.1-win32-x86_64\bin\nio.dll
Event: 0.309 Loaded shared library C:\Users\hp\.vscode\extensions\redhat.java-1.56.0-win32-x64\jre\21.0.12.1-win32-x86_64\bin\nio.dll
Event: 0.317 Attempting to load shared library C:\Users\hp\.vscode\extensions\redhat.java-1.56.0-win32-x64\jre\21.0.12.1-win32-x86_64\bin\zip.dll
Event: 0.317 Loaded shared library C:\Users\hp\.vscode\extensions\redhat.java-1.56.0-win32-x64\jre\21.0.12.1-win32-x86_64\bin\zip.dll
Event: 0.354 Attempting to load shared library C:\Users\hp\.vscode\extensions\redhat.java-1.56.0-win32-x64\jre\21.0.12.1-win32-x86_64\bin\jimage.dll
Event: 0.354 Loaded shared library C:\Users\hp\.vscode\extensions\redhat.java-1.56.0-win32-x64\jre\21.0.12.1-win32-x86_64\bin\jimage.dll
Event: 0.482 Attempting to load shared library c:\Users\hp\.vscode\extensions\redhat.java-1.56.0-win32-x64\jre\21.0.12.1-win32-x86_64\bin\verify.dll
Event: 0.482 Loaded shared library c:\Users\hp\.vscode\extensions\redhat.java-1.56.0-win32-x64\jre\21.0.12.1-win32-x86_64\bin\verify.dll

Deoptimization events (20 events):
Event: 7.455 Thread 0x000001a22ccca740 Uncommon trap: trap_request=0xffffffde fr.pc=0x000001a239d44a34 relative=0x0000000000000594
Event: 7.455 Thread 0x000001a22ccca740 Uncommon trap: reason=class_check action=maybe_recompile pc=0x000001a239d44a34 method=java.util.Collections$UnmodifiableCollection$1.<init>(Ljava/util/Collections$UnmodifiableCollection;)V @ 17 c2
Event: 7.455 Thread 0x000001a22ccca740 DEOPT PACKING pc=0x000001a239d44a34 sp=0x000000841d9fed60
Event: 7.455 Thread 0x000001a22ccca740 DEOPT UNPACKING pc=0x000001a2397b6da2 sp=0x000000841d9feca8 mode 2
Event: 7.455 Thread 0x000001a22ccca740 Uncommon trap: trap_request=0xffffff45 fr.pc=0x000001a239d5ce34 relative=0x0000000000000274
Event: 7.455 Thread 0x000001a22ccca740 Uncommon trap: reason=unstable_if action=reinterpret pc=0x000001a239d5ce34 method=java.util.HashMap.hash(Ljava/lang/Object;)I @ 1 c2
Event: 7.455 Thread 0x000001a22ccca740 DEOPT PACKING pc=0x000001a239d5ce34 sp=0x000000841d9fed10
Event: 7.455 Thread 0x000001a22ccca740 DEOPT UNPACKING pc=0x000001a2397b6da2 sp=0x000000841d9feba8 mode 2
Event: 7.460 Thread 0x000001a22ccca740 Uncommon trap: trap_request=0xffffff45 fr.pc=0x000001a239d620ac relative=0x000000000000026c
Event: 7.460 Thread 0x000001a22ccca740 Uncommon trap: reason=unstable_if action=reinterpret pc=0x000001a239d620ac method=java.util.HashMap.hash(Ljava/lang/Object;)I @ 1 c2
Event: 7.460 Thread 0x000001a22ccca740 DEOPT PACKING pc=0x000001a239d620ac sp=0x000000841d9fec80
Event: 7.460 Thread 0x000001a22ccca740 DEOPT UNPACKING pc=0x000001a2397b6da2 sp=0x000000841d9feb88 mode 2
Event: 7.460 Thread 0x000001a22ccca740 Uncommon trap: trap_request=0xffffff45 fr.pc=0x000001a239d5b0d0 relative=0x00000000000000b0
Event: 7.460 Thread 0x000001a22ccca740 Uncommon trap: reason=unstable_if action=reinterpret pc=0x000001a239d5b0d0 method=java.util.HashMap.hash(Ljava/lang/Object;)I @ 1 c2
Event: 7.460 Thread 0x000001a22ccca740 DEOPT PACKING pc=0x000001a239d5b0d0 sp=0x000000841d9fed30
Event: 7.460 Thread 0x000001a22ccca740 DEOPT UNPACKING pc=0x000001a2397b6da2 sp=0x000000841d9fecc8 mode 2
Event: 7.460 Thread 0x000001a22ccca740 Uncommon trap: trap_request=0xffffffde fr.pc=0x000001a239d44a34 relative=0x0000000000000594
Event: 7.460 Thread 0x000001a22ccca740 Uncommon trap: reason=class_check action=maybe_recompile pc=0x000001a239d44a34 method=java.util.Collections$UnmodifiableCollection$1.<init>(Ljava/util/Collections$UnmodifiableCollection;)V @ 17 c2
Event: 7.460 Thread 0x000001a22ccca740 DEOPT PACKING pc=0x000001a239d44a34 sp=0x000000841d9fed60
Event: 7.460 Thread 0x000001a22ccca740 DEOPT UNPACKING pc=0x000001a2397b6da2 sp=0x000000841d9feca8 mode 2

Classes loaded (20 events):
Event: 7.426 Loading class java/util/concurrent/locks/ReadWriteLock done
Event: 7.426 Loading class java/util/concurrent/locks/ReentrantReadWriteLock done
Event: 7.426 Loading class java/util/concurrent/locks/ReentrantReadWriteLock$NonfairSync
Event: 7.426 Loading class java/util/concurrent/locks/ReentrantReadWriteLock$Sync
Event: 7.427 Loading class java/util/concurrent/locks/ReentrantReadWriteLock$Sync done
Event: 7.427 Loading class java/util/concurrent/locks/ReentrantReadWriteLock$NonfairSync done
Event: 7.427 Loading class java/util/concurrent/locks/ReentrantReadWriteLock$Sync$ThreadLocalHoldCounter
Event: 7.427 Loading class java/util/concurrent/locks/ReentrantReadWriteLock$Sync$ThreadLocalHoldCounter done
Event: 7.427 Loading class java/util/concurrent/locks/ReentrantReadWriteLock$ReadLock
Event: 7.427 Loading class java/util/concurrent/locks/ReentrantReadWriteLock$ReadLock done
Event: 7.427 Loading class java/util/concurrent/locks/ReentrantReadWriteLock$WriteLock
Event: 7.427 Loading class java/util/concurrent/locks/ReentrantReadWriteLock$WriteLock done
Event: 7.462 Loading class java/net/URLClassLoader$3
Event: 7.462 Loading class java/net/URLClassLoader$3 done
Event: 7.462 Loading class java/net/URLClassLoader$3$1
Event: 7.462 Loading class java/net/URLClassLoader$3$1 done
Event: 7.462 Loading class jdk/internal/loader/URLClassPath$FileLoader
Event: 7.462 Loading class jdk/internal/loader/URLClassPath$FileLoader done
Event: 7.471 Loading class java/lang/ClassFormatError
Event: 7.471 Loading class java/lang/ClassFormatError done

Classes unloaded (0 events):
No events

Classes redefined (0 events):
No events

Internal exceptions (20 events):
Event: 6.008 Thread 0x000001a22ccca740 Exception <a 'java/io/FileNotFoundException'{0x00000000d64d4308}> (0x00000000d64d4308) 
thrown [s\src\hotspot\share\prims\jni.cpp, line 520]
Event: 6.009 Thread 0x000001a22ccca740 Exception <a 'java/io/FileNotFoundException'{0x00000000d64d55f0}> (0x00000000d64d55f0) 
thrown [s\src\hotspot\share\prims\jni.cpp, line 520]
Event: 6.009 Thread 0x000001a22ccca740 Exception <a 'java/io/FileNotFoundException'{0x00000000d64d6228}> (0x00000000d64d6228) 
thrown [s\src\hotspot\share\prims\jni.cpp, line 520]
Event: 6.009 Thread 0x000001a22ccca740 Exception <a 'java/io/FileNotFoundException'{0x00000000d64d6d58}> (0x00000000d64d6d58) 
thrown [s\src\hotspot\share\prims\jni.cpp, line 520]
Event: 6.016 Thread 0x000001a22ccca740 Implicit null exception at 0x000001a239d332a4 to 0x000001a239d338a4
Event: 6.021 Thread 0x000001a22ccca740 Exception <a 'java/io/FileNotFoundException'{0x00000000d6510ed8}> (0x00000000d6510ed8) 
thrown [s\src\hotspot\share\prims\jni.cpp, line 520]
Event: 6.037 Thread 0x000001a22ccca740 Exception <a 'java/lang/NoSuchMethodError'{0x00000000d654ce08}: 'java.lang.Object java.lang.invoke.DirectMethodHandle$Holder.invokeInterface(java.lang.Object, java.lang.Object)'> (0x00000000d654ce08) 
thrown [s\src\hotspot\share\interpreter\linkResolver.cpp, line 773]
Event: 6.043 Thread 0x000001a22ccca740 Exception <a 'java/lang/NoSuchMethodError'{0x00000000d65608f8}: 'java.lang.Object java.lang.invoke.Invokers$Holder.invokeExact_MT(java.lang.Object, java.lang.Object, java.lang.Object, java.lang.Object, java.lang.Object, java.lang.Object)'> (0x00000000d65608f8) 
thrown [s\src\hotspot\share\interpreter\linkResolver.cpp, line 773]
Event: 6.048 Thread 0x000001a22ccca740 Exception <a 'java/lang/NoSuchMethodError'{0x00000000d65779d0}: 'int java.lang.invoke.DirectMethodHandle$Holder.invokeStatic(java.lang.Object, java.lang.Object, java.lang.Object, java.lang.Object, java.lang.Object)'> (0x00000000d65779d0) 
thrown [s\src\hotspot\share\interpreter\linkResolver.cpp, line 773]
Event: 6.082 Thread 0x000001a22ccca740 Exception <a 'java/lang/NoSuchMethodError'{0x00000000d660d110}: 'java.lang.Object java.lang.invoke.DirectMethodHandle$Holder.invokeInterface(java.lang.Object, java.lang.Object, int)'> (0x00000000d660d110) 
thrown [s\src\hotspot\share\interpreter\linkResolver.cpp, line 773]
Event: 7.260 Thread 0x000001a22ccca740 Exception <a 'java/lang/NoSuchMethodError'{0x00000000d6a983b8}: 'java.lang.ClassLoader java.lang.ClassLoader.getPlatformClassLoader(java.lang.Class)'> (0x00000000d6a983b8) 
thrown [s\src\hotspot\share\interpreter\linkResolver.cpp, line 773]
Event: 7.371 Thread 0x000001a22ccca740 Exception <a 'java/lang/ClassNotFoundException'{0x00000000d55d2298}: sun/net/www/protocol/c/Handler> (0x00000000d55d2298) 
thrown [s\src\hotspot\share\classfile\systemDictionary.cpp, line 313]
Event: 7.372 Thread 0x000001a22ccca740 Exception <a 'java/lang/ClassNotFoundException'{0x00000000d55d3618}: sun/net/www/protocol/g/Handler> (0x00000000d55d3618) 
thrown [s\src\hotspot\share\classfile\systemDictionary.cpp, line 313]
Event: 7.372 Thread 0x000001a22ccca740 Exception <a 'java/lang/ClassNotFoundException'{0x00000000d55d47d8}: sun/net/www/protocol/c/Handler> (0x00000000d55d47d8) 
thrown [s\src\hotspot\share\classfile\systemDictionary.cpp, line 313]
Event: 7.385 Thread 0x000001a22ccca740 Exception <a 'java/io/FileNotFoundException'{0x00000000d55fdcb8}> (0x00000000d55fdcb8) 
thrown [s\src\hotspot\share\prims\jni.cpp, line 520]
Event: 7.455 Thread 0x000001a22ccca740 Implicit null exception at 0x000001a239d67dc9 to 0x000001a239d688ac
Event: 7.455 Thread 0x000001a22ccca740 Implicit null exception at 0x000001a239d5cc1a to 0x000001a239d5ce1c
Event: 7.457 Thread 0x000001a22ccca740 Exception <a 'java/lang/NoSuchMethodError'{0x00000000d572f830}: 'void java.lang.invoke.DirectMethodHandle$Holder.invokeStatic(java.lang.Object, java.lang.Object, java.lang.Object, java.lang.Object)'> (0x00000000d572f830) 
thrown [s\src\hotspot\share\interpreter\linkResolver.cpp, line 773]
Event: 7.460 Thread 0x000001a22ccca740 Implicit null exception at 0x000001a239d61e9a to 0x000001a239d62094
Event: 7.460 Thread 0x000001a22ccca740 Implicit null exception at 0x000001a239d5b03d to 0x000001a239d5b0c1

ZGC Phase Switch (0 events):
No events

VM Operations (19 events):
Event: 0.230 Executing non-safepoint VM operation: HandshakeAllThreads (Deoptimize)
Event: 0.230 Executing non-safepoint VM operation: HandshakeAllThreads (Deoptimize) done
Event: 0.377 Executing non-safepoint VM operation: HandshakeAllThreads (Deoptimize)
Event: 0.377 Executing non-safepoint VM operation: HandshakeAllThreads (Deoptimize) done
Event: 1.384 Executing safepoint VM operation: Cleanup
Event: 1.559 Executing safepoint VM operation: Cleanup done
Event: 2.561 Executing safepoint VM operation: Cleanup
Event: 2.646 Executing safepoint VM operation: Cleanup done
Event: 5.682 Executing safepoint VM operation: Cleanup
Event: 5.723 Executing safepoint VM operation: Cleanup done
Event: 5.931 Executing non-safepoint VM operation: HandshakeAllThreads (Deoptimize)
Event: 5.931 Executing non-safepoint VM operation: HandshakeAllThreads (Deoptimize) done
Event: 5.959 Executing non-safepoint VM operation: HandshakeAllThreads (Deoptimize)
Event: 5.959 Executing non-safepoint VM operation: HandshakeAllThreads (Deoptimize) done
Event: 6.958 Executing safepoint VM operation: Cleanup
Event: 7.153 Executing safepoint VM operation: Cleanup done
Event: 7.345 Executing safepoint VM operation: ParallelGCFailedAllocation (Allocation Failure)
Event: 7.355 Executing safepoint VM operation: ParallelGCFailedAllocation (Allocation Failure) done
Event: 8.365 Executing safepoint VM operation: Cleanup

Memory protections (0 events):
No events

Nmethod flushes (0 events):
No events

Events (17 events):
Event: 0.117 Thread 0x000001a22ccca740 Thread added: 0x000001a22ccca740
Event: 0.147 Thread 0x000001a22ccca740 Thread added: 0x000001a22efa4a70
Event: 0.148 Thread 0x000001a22ccca740 Thread added: 0x000001a22efa5c40
Event: 0.148 Thread 0x000001a22ccca740 Thread added: 0x000001a22efac8a0
Event: 0.148 Thread 0x000001a22ccca740 Thread added: 0x000001a22efaf680
Event: 0.148 Thread 0x000001a22ccca740 Thread added: 0x000001a22efb0bb0
Event: 0.148 Thread 0x000001a22ccca740 Thread added: 0x000001a22efb4630
Event: 0.149 Thread 0x000001a22ccca740 Thread added: 0x000001a22efbd070
Event: 0.149 Thread 0x000001a22ccca740 Thread added: 0x000001a22efc72c0
Event: 0.300 Thread 0x000001a22ccca740 Thread added: 0x000001a28856fcc0
Event: 0.470 Thread 0x000001a22efbd070 Thread added: 0x000001a2885a2700
Event: 1.561 Thread 0x000001a2885a2700 Thread exited: 0x000001a2885a2700
Event: 1.635 Thread 0x000001a22ccca740 Thread added: 0x000001a2886955f0
Event: 3.655 Thread 0x000001a22efc72c0 Thread added: 0x000001a2887485f0
Event: 5.726 Thread 0x000001a2887485f0 Thread exited: 0x000001a2887485f0
Event: 5.821 Thread 0x000001a22efc72c0 Thread added: 0x000001a288672920
Event: 5.821 Thread 0x000001a22efc72c0 Thread added: 0x000001a288672fd0


Dynamic libraries:
0x00007ff76b5d0000 - 0x00007ff76b5de000 	c:\Users\hp\.vscode\extensions\redhat.java-1.56.0-win32-x64\jre\21.0.12.1-win32-x86_64\bin\java.exe
0x00007ff847960000 - 0x00007ff847bc5000 	C:\Windows\SYSTEM32\ntdll.dll
0x00007ff8464a0000 - 0x00007ff846569000 	C:\Windows\System32\KERNEL32.DLL
0x00007ff845330000 - 0x00007ff8456fc000 	C:\Windows\System32\KERNELBASE.dll
0x00007ff8451e0000 - 0x00007ff84532b000 	C:\Windows\System32\ucrtbase.dll
0x00007ff80b050000 - 0x00007ff80b06e000 	c:\Users\hp\.vscode\extensions\redhat.java-1.56.0-win32-x64\jre\21.0.12.1-win32-x86_64\bin\VCRUNTIME140.dll
0x00007ff8147d0000 - 0x00007ff8147e8000 	c:\Users\hp\.vscode\extensions\redhat.java-1.56.0-win32-x64\jre\21.0.12.1-win32-x86_64\bin\jli.dll
0x00007ff8466c0000 - 0x00007ff84688a000 	C:\Windows\System32\USER32.dll
0x00007ff844e50000 - 0x00007ff844e77000 	C:\Windows\System32\win32u.dll
0x00007ff81c4f0000 - 0x00007ff81c78a000 	C:\Windows\WinSxS\amd64_microsoft.windows.common-controls_6595b64144ccf1df_6.0.26100.5600_none_3e06c7bae335c040\COMCTL32.dll
0x00007ff845700000 - 0x00007ff84572b000 	C:\Windows\System32\GDI32.dll
0x00007ff844f20000 - 0x00007ff845057000 	C:\Windows\System32\gdi32full.dll
0x00007ff844d10000 - 0x00007ff844db3000 	C:\Windows\System32\msvcp_win.dll
0x00007ff847720000 - 0x00007ff8477c9000 	C:\Windows\System32\msvcrt.dll
0x00007ff8463b0000 - 0x00007ff8463e0000 	C:\Windows\System32\IMM32.DLL
0x00007ff83c510000 - 0x00007ff83c51c000 	c:\Users\hp\.vscode\extensions\redhat.java-1.56.0-win32-x64\jre\21.0.12.1-win32-x86_64\bin\vcruntime140_1.dll
0x00007fffc3290000 - 0x00007fffc331d000 	c:\Users\hp\.vscode\extensions\redhat.java-1.56.0-win32-x64\jre\21.0.12.1-win32-x86_64\bin\msvcp140.dll
0x00007fffae630000 - 0x00007fffaf3d2000 	c:\Users\hp\.vscode\extensions\redhat.java-1.56.0-win32-x64\jre\21.0.12.1-win32-x86_64\bin\server\jvm.dll
0x00007ff846180000 - 0x00007ff846232000 	C:\Windows\System32\ADVAPI32.dll
0x00007ff847670000 - 0x00007ff847716000 	C:\Windows\System32\sechost.dll
0x00007ff845830000 - 0x00007ff845945000 	C:\Windows\System32\RPCRT4.dll
0x00007ff845e50000 - 0x00007ff845ec4000 	C:\Windows\System32\WS2_32.dll
0x00007ff844920000 - 0x00007ff84497e000 	C:\Windows\SYSTEM32\POWRPROF.dll
0x00007ff8344f0000 - 0x00007ff8344fb000 	C:\Windows\SYSTEM32\VERSION.dll
0x00007ff83c180000 - 0x00007ff83c1b6000 	C:\Windows\SYSTEM32\WINMM.dll
0x00007ff844900000 - 0x00007ff844914000 	C:\Windows\SYSTEM32\UMPDC.dll
0x00007ff843850000 - 0x00007ff84386b000 	C:\Windows\SYSTEM32\kernel.appcore.dll
0x00007ff824680000 - 0x00007ff82468a000 	c:\Users\hp\.vscode\extensions\redhat.java-1.56.0-win32-x64\jre\21.0.12.1-win32-x86_64\bin\jimage.dll
0x00007ff8420f0000 - 0x00007ff842331000 	C:\Windows\SYSTEM32\DBGHELP.DLL
0x00007ff845950000 - 0x00007ff845cd7000 	C:\Windows\System32\combase.dll
0x00007ff845730000 - 0x00007ff845811000 	C:\Windows\System32\OLEAUT32.dll
0x00007ff823bc0000 - 0x00007ff823bf9000 	C:\Windows\SYSTEM32\dbgcore.DLL
0x00007ff844e80000 - 0x00007ff844f19000 	C:\Windows\System32\bcryptPrimitives.dll
0x00007ff824360000 - 0x00007ff82436f000 	c:\Users\hp\.vscode\extensions\redhat.java-1.56.0-win32-x64\jre\21.0.12.1-win32-x86_64\bin\instrument.dll
0x00007fffc3270000 - 0x00007fffc3290000 	c:\Users\hp\.vscode\extensions\redhat.java-1.56.0-win32-x64\jre\21.0.12.1-win32-x86_64\bin\java.dll
0x00007ff8468b0000 - 0x00007ff846ff2000 	C:\Windows\System32\SHELL32.dll
0x00007ff844b90000 - 0x00007ff844d04000 	C:\Windows\System32\wintypes.dll
0x00007ff8426f0000 - 0x00007ff842f44000 	C:\Windows\SYSTEM32\windows.storage.dll
0x00007ff847820000 - 0x00007ff847911000 	C:\Windows\System32\SHCORE.dll
0x00007ff845dd0000 - 0x00007ff845e3a000 	C:\Windows\System32\shlwapi.dll
0x00007ff8449e0000 - 0x00007ff844a0f000 	C:\Windows\SYSTEM32\profapi.dll
0x00007ff8147f0000 - 0x00007ff814808000 	c:\Users\hp\.vscode\extensions\redhat.java-1.56.0-win32-x64\jre\21.0.12.1-win32-x86_64\bin\zip.dll
0x00007ff80b530000 - 0x00007ff80b540000 	C:\Users\hp\.vscode\extensions\redhat.java-1.56.0-win32-x64\jre\21.0.12.1-win32-x86_64\bin\net.dll
0x00007ff83b770000 - 0x00007ff83b88e000 	C:\Windows\SYSTEM32\WINHTTP.dll
0x00007ff843da0000 - 0x00007ff843e0a000 	C:\Windows\system32\mswsock.dll
0x00007ff80b510000 - 0x00007ff80b526000 	C:\Users\hp\.vscode\extensions\redhat.java-1.56.0-win32-x64\jre\21.0.12.1-win32-x86_64\bin\nio.dll
0x00007ff80b0d0000 - 0x00007ff80b0e0000 	c:\Users\hp\.vscode\extensions\redhat.java-1.56.0-win32-x64\jre\21.0.12.1-win32-x86_64\bin\verify.dll

JVMTI agents:
c:\Users\hp\.vscode\extensions\redhat.java-1.56.0-win32-x64\lombok\lombok-1.18.39-4050.jar path:c:\Users\hp\.vscode\extensions\redhat.java-1.56.0-win32-x64\jre\21.0.12.1-win32-x86_64\bin\instrument.dll, loaded, initialized, instrumentlib options:none

dbghelp: loaded successfully - version: 4.0.5 - missing functions: none
symbol engine: initialized successfully - sym options: 0x614 - pdb path: .;c:\Users\hp\.vscode\extensions\redhat.java-1.56.0-win32-x64\jre\21.0.12.1-win32-x86_64\bin;C:\Windows\SYSTEM32;C:\Windows\WinSxS\amd64_microsoft.windows.common-controls_6595b64144ccf1df_6.0.26100.5600_none_3e06c7bae335c040;c:\Users\hp\.vscode\extensions\redhat.java-1.56.0-win32-x64\jre\21.0.12.1-win32-x86_64\bin\server

VM Arguments:
jvm_args: --add-modules=ALL-SYSTEM --add-opens=java.base/java.util=ALL-UNNAMED --add-opens=java.base/java.lang=ALL-UNNAMED --add-opens=java.base/sun.nio.fs=ALL-UNNAMED -Declipse.application=org.eclipse.jdt.ls.core.id1 -Dosgi.bundles.defaultStartLevel=4 -Declipse.product=org.eclipse.jdt.ls.core.product -Djava.import.generatesMetadataFilesAtProjectRoot=false -Dm2e.project.cache.size=50 -DDetectVMInstallationsJob.disabled=true -Dfile.encoding=utf8 -XX:+UseParallelGC -XX:GCTimeRatio=4 -XX:AdaptiveSizePolicyWeight=90 -Dsun.zip.disableMemoryMapping=true -Xmx2G -Xms100m -Xlog:disable -javaagent:c:\Users\hp\.vscode\extensions\redhat.java-1.56.0-win32-x64\lombok\lombok-1.18.39-4050.jar -XX:+HeapDumpOnOutOfMemoryError -XX:HeapDumpPath=c:\Users\hp\AppData\Roaming\Code\User\workspaceStorage\85613ab885ecb802144c8b32fe25b821\redhat.java -Daether.dependencyCollector.impl=bf 
java_command: c:\Users\hp\.vscode\extensions\redhat.java-1.56.0-win32-x64\server\plugins\org.eclipse.equinox.launcher_1.8.0.v20260804-1928.jar -configuration c:\Users\hp\AppData\Roaming\Code\User\globalStorage\redhat.java\1.56.0\config_win -data c:\Users\hp\AppData\Roaming\Code\User\workspaceStorage\85613ab885ecb802144c8b32fe25b821\redhat.java\jdt_ws --stdio
java_class_path (initial): c:\Users\hp\.vscode\extensions\redhat.java-1.56.0-win32-x64\server\plugins\org.eclipse.equinox.launcher_1.8.0.v20260804-1928.jar
Launcher Type: SUN_STANDARD

[Global flags]
    uintx AdaptiveSizePolicyWeight                 = 90                                        {product} {command line}
     intx CICompilerCount                          = 4                                         {product} {ergonomic}
    uintx GCTimeRatio                              = 4                                         {product} {command line}
     bool HeapDumpOnOutOfMemoryError               = true                                   {manageable} {command line}
    ccstr HeapDumpPath                             = c:\Users\hp\AppData\Roaming\Code\User\workspaceStorage\85613ab885ecb802144c8b32fe25b821\redhat.java         {manageable} {command line}
   size_t InitialHeapSize                          = 104857600                                 {product} {command line}
   size_t MaxHeapSize                              = 2147483648                                {product} {command line}
   size_t MaxNewSize                               = 715653120                                 {product} {ergonomic}
   size_t MinHeapDeltaBytes                        = 524288                                    {product} {ergonomic}
   size_t MinHeapSize                              = 104857600                                 {product} {command line}
   size_t NewSize                                  = 34603008                                  {product} {ergonomic}
    uintx NonNMethodCodeHeapSize                   = 5839372                                {pd product} {ergonomic}
    uintx NonProfiledCodeHeapSize                  = 122909434                              {pd product} {ergonomic}
   size_t OldSize                                  = 70254592                                  {product} {ergonomic}
    uintx ProfiledCodeHeapSize                     = 122909434                              {pd product} {ergonomic}
    uintx ReservedCodeCacheSize                    = 251658240                              {pd product} {ergonomic}
     bool SegmentedCodeCache                       = true                                      {product} {ergonomic}
   size_t SoftMaxHeapSize                          = 2147483648                             {manageable} {ergonomic}
     bool UseCompressedOops                        = true                           {product lp64_product} {ergonomic}
     bool UseLargePagesIndividualAllocation        = false                                  {pd product} {ergonomic}
     bool UseParallelGC                            = true                                      {product} {command line}

Logging:
Log output configuration:
 #0: stdout all=off uptime,level,tags foldmultilines=false
 #1: stderr all=off uptime,level,tags foldmultilines=false

Release file:
JAVA_VERSION="21.0.12.1" 
MODULES="java.base java.compiler java.datatransfer java.xml java.prefs java.desktop java.instrument java.logging java.management java.security.sasl java.naming java.rmi java.management.rmi java.net.http java.scripting java.security.jgss java.transaction.xa java.sql java.sql.rowset java.xml.crypto java.se java.smartcardio jdk.accessibility jdk.internal.jvmstat jdk.attach jdk.charsets jdk.internal.opt jdk.zipfs jdk.compiler jdk.crypto.ec jdk.crypto.cryptoki jdk.crypto.mscapi jdk.dynalink jdk.internal.ed jdk.editpad jdk.hotspot.agent jdk.httpserver jdk.internal.le jdk.internal.vm.ci jdk.internal.vm.compiler jdk.internal.vm.compiler.management jdk.jartool jdk.javadoc jdk.jcmd jdk.management jdk.management.agent jdk.jconsole jdk.jdeps jdk.jdwp.agent jdk.jdi jdk.jfr jdk.jshell jdk.jsobject jdk.jstatd jdk.localedata jdk.management.jfr jdk.naming.dns jdk.naming.rmi jdk.net jdk.nio.mapmode jdk.random jdk.sctp jdk.security.auth jdk.security.jgss jdk.unsupported jdk.unsupported.desktop jdk.xml.dom" 

Environment Variables:
PATH=C:\Program Files\Common Files\Oracle\Java\javapath;C:\Windows\system32;C:\Windows;C:\Windows\System32\Wbem;C:\Windows\System32\WindowsPowerShell\v1.0\;C:\Windows\System32\OpenSSH\;C:\Program Files\nodejs\;C:\Program Files\Git\cmd;C:\Users\hp\AppData\Local\Programs\Python\Python314\;C:\Users\hp\AppData\Local\Programs\Python\Python314\Scripts\;C:\Program Files\Java\jdk-25\bin;C:\Program Files\MySQL\MySQL Server 8.0\bin;C:\apache-maven-3.9.16\bin;C:\Program Files\dotnet\;C:\Program Files (x86)\IVI Foundation\VISA\WinNT\Bin\;C:\Program Files\IVI Foundation\VISA\Win64\Bin\;C:\Program Files (x86)\National Instruments\Shared\LabVIEW CLI;C:\Program Files\JKI\VI Package Manager\support;C:\Program Files (x86)\IVI Foundation\VISA\WinNT\Bin;C:\Program Files (x86)\IVI Foundation\IVI\Bin\;C:\Program Files\IVI Foundation\IVI\Bin\;C:\MinGW\bin;C:\Program Files\MySQL\MySQL Shell 8.0\bin\;C:\Users\hp\AppData\Local\Programs\Python\Python314\Scripts\;C:\Users\hp\AppData\Local\Programs\Python\Python314\;C:\Users\hp\AppData\Local\Programs\Python\Launcher\;C:\Users\hp\AppData\Local\Microsoft\WindowsApps;C:\Users\hp\AppData\Local\Programs\Microsoft VS Code\bin;C:\Users\hp\AppData\Roaming\npm;C:\Program Files\JetBrains\IntelliJ IDEA 2026.1\bin;
USERNAME=hp
OS=Windows_NT
PROCESSOR_IDENTIFIER=Intel64 Family 6 Model 140 Stepping 1, GenuineIntel
TMP=C:\Users\hp\AppData\Local\Temp
TEMP=C:\Users\hp\AppData\Local\Temp




Periodic native trim disabled

---------------  S Y S T E M  ---------------

OS:
 Windows 11 , 64 bit Build 26100 (10.0.26100.5600)
OS uptime: 0 days 1:07 hours
Hyper-V role detected

CPU: total 8 (initial active 8) (4 cores per cpu, 2 threads per core) family 6 model 140 stepping 1 microcode 0xbe, cx8, cmov, fxsr, ht, mmx, 3dnowpref, sse, sse2, sse3, ssse3, sse4.1, sse4.2, popcnt, lzcnt, tsc, tscinvbit, avx, avx2, aes, erms, clmul, bmi1, bmi2, adx, avx512f, avx512dq, avx512cd, avx512bw, avx512vl, sha, fma, vzeroupper, avx512_vpopcntdq, avx512_vpclmulqdq, avx512_vaes, avx512_vnni, clflush, clflushopt, clwb, avx512_vbmi2, avx512_vbmi, hv, rdtscp, rdpid, fsrm, gfni, avx512_bitalg, f16c, cet_ibt, cet_ss, avx512_ifma
Processor Information for processor 0
  Max Mhz: 2611, Current Mhz: 2611, Mhz Limit: 2611
Processor Information for processor 1
  Max Mhz: 2611, Current Mhz: 2611, Mhz Limit: 2611
Processor Information for processor 2
  Max Mhz: 2611, Current Mhz: 1004, Mhz Limit: 2611
Processor Information for processor 3
  Max Mhz: 2611, Current Mhz: 2611, Mhz Limit: 2611
Processor Information for processor 4
  Max Mhz: 2611, Current Mhz: 2611, Mhz Limit: 2611
Processor Information for processor 5
  Max Mhz: 2611, Current Mhz: 2611, Mhz Limit: 2611
Processor Information for processor 6
  Max Mhz: 2611, Current Mhz: 2611, Mhz Limit: 2611
Processor Information for processor 7
  Max Mhz: 2611, Current Mhz: 1004, Mhz Limit: 2611

Memory: 4k page, system-wide physical 16064M (7515M free)
TotalPageFile size 32013M (AvailPageFile size 241M)
current process WorkingSet (physical memory assigned to process): 76M, peak: 84M
current process commit charge ("private bytes"): 228M, peak: 238M

vm_info: OpenJDK 64-Bit Server VM (21.0.12.1+1-LTS) for windows-amd64 JRE (21.0.12.1+1-LTS), built on 2026-08-18T00:00:00Z by "admin" with MS VC++ 17.12 (VS2022)

END.
