#
# There is insufficient memory for the Java Runtime Environment to continue.
# Native memory allocation (malloc) failed to allocate 1641456 bytes. Error detail: Chunk::new
# Possible reasons:
#   The system is out of physical RAM or swap space
#   This process is running with CompressedOops enabled, and the Java Heap may be blocking the growth of the native heap
# Possible solutions:
#   Reduce memory load on the system
#   Increase physical memory or swap space
#   Check if swap backing store is full
#   Decrease Java heap size (-Xmx/-Xms)
#   Decrease number of Java threads
#   Decrease Java thread stack sizes (-Xss)
#   Set larger code cache with -XX:ReservedCodeCacheSize=
#   JVM is running with Unscaled Compressed Oops mode in which the Java heap is
#     placed in the first 4GB address space. The Java Heap base address is the
#     maximum limit for the native heap growth. Please use -XX:HeapBaseMinAddress
#     to set the Java Heap base and to place the Java Heap above 4GB virtual address.
# This output file may be truncated or incomplete.
#
#  Out of Memory Error (arena.cpp:168), pid=15396, tid=5724
#
# JRE version: OpenJDK Runtime Environment Temurin-21.0.12.1+1 (21.0.12.1+1) (build 21.0.12.1+1-LTS)
# Java VM: OpenJDK 64-Bit Server VM Temurin-21.0.12.1+1 (21.0.12.1+1-LTS, mixed mode, sharing, tiered, compressed oops, compressed class ptrs, parallel gc, windows-amd64)
# No core dump will be written. Minidumps are not enabled by default on client versions of Windows
#

---------------  S U M M A R Y ------------

Command Line: --add-modules=ALL-SYSTEM --add-opens=java.base/java.util=ALL-UNNAMED --add-opens=java.base/java.lang=ALL-UNNAMED --add-opens=java.base/sun.nio.fs=ALL-UNNAMED -Declipse.application=org.eclipse.jdt.ls.core.id1 -Dosgi.bundles.defaultStartLevel=4 -Declipse.product=org.eclipse.jdt.ls.core.product -Djava.import.generatesMetadataFilesAtProjectRoot=false -Dm2e.project.cache.size=50 -DDetectVMInstallationsJob.disabled=true -Dfile.encoding=utf8 -XX:+UseParallelGC -XX:GCTimeRatio=4 -XX:AdaptiveSizePolicyWeight=90 -Dsun.zip.disableMemoryMapping=true -Xmx2G -Xms100m -Xlog:disable -javaagent:c:\Users\hp\.vscode\extensions\redhat.java-1.56.0-win32-x64\lombok\lombok-1.18.39-4050.jar -XX:+HeapDumpOnOutOfMemoryError -XX:HeapDumpPath=c:\Users\hp\AppData\Roaming\Code\User\workspaceStorage\85613ab885ecb802144c8b32fe25b821\redhat.java -Daether.dependencyCollector.impl=bf c:\Users\hp\.vscode\extensions\redhat.java-1.56.0-win32-x64\server\plugins\org.eclipse.equinox.launcher_1.8.0.v20260804-1928.jar -configuration c:\Users\hp\AppData\Roaming\Code\User\globalStorage\redhat.java\1.56.0\config_win -data c:\Users\hp\AppData\Roaming\Code\User\workspaceStorage\85613ab885ecb802144c8b32fe25b821\redhat.java\jdt_ws --stdio

Host: 11th Gen Intel(R) Core(TM) i5-1145G7 @ 2.60GHz, 8 cores, 15G,  Windows 11 , 64 bit Build 26100 (10.0.26100.5600)
Time: Tue Sep 15 20:42:36 2026 Pakistan Standard Time elapsed time: 3917.114355 seconds (0d 1h 5m 17s)

---------------  T H R E A D  ---------------

Current thread (0x000002397aa5e260):  JavaThread "C2 CompilerThread0" daemon [_thread_in_native, id=5724, stack(0x000000562d000000,0x000000562d100000) (1024K)]


Current CompileTask:
C2:3917114 23850       4       org.eclipse.jdt.internal.compiler.ast.TypeDeclaration::internalAnalyseCode (1322 bytes)

Stack: [0x000000562d000000,0x000000562d100000]
Native frames: (J=compiled Java code, j=interpreted, Vv=VM code, C=native code)
V  [jvm.dll+0x6d83e9]
V  [jvm.dll+0x8b5736]
V  [jvm.dll+0x8b7cee]
V  [jvm.dll+0x8b83d3]
V  [jvm.dll+0x284596]
V  [jvm.dll+0xc685d]
V  [jvm.dll+0xc6da1]
V  [jvm.dll+0x3bf151]
V  [jvm.dll+0x38b6d2]
V  [jvm.dll+0x38ab1a]
V  [jvm.dll+0x24c700]
V  [jvm.dll+0x24bce0]
V  [jvm.dll+0x1cb4ae]
V  [jvm.dll+0x25baad]
V  [jvm.dll+0x25a03a]
V  [jvm.dll+0x3f8aae]
V  [jvm.dll+0x8600cd]
V  [jvm.dll+0x6d6c1d]
C  [ucrtbase.dll+0x37b0]
C  [KERNEL32.DLL+0x2e8d7]
C  [ntdll.dll+0x3c34c]


---------------  P R O C E S S  ---------------

Threads class SMR info:
_java_thread_list=0x00000239464dcc10, length=40, elements={
0x0000023963fadc80, 0x000002396406b7f0, 0x000002396406c610, 0x000002397aa26d20,
0x000002397aa47bf0, 0x000002397aa4a2f0, 0x000002397aa4f140, 0x000002397aa5e260,
0x000002397c3060b0, 0x000002397c51cf40, 0x000002397c51d5d0, 0x000002397c51c8b0,
0x000002397c51c220, 0x000002397cede7a0, 0x000002397cedd3f0, 0x000002397cedc040,
0x000002397cedee30, 0x000002397cedc6d0, 0x000002397cedb9b0, 0x000002397cee0870,
0x000002397cee1c20, 0x000002397cee22b0, 0x000002397cee2940, 0x00000239467476c0,
0x0000023946749790, 0x000002397cedcd60, 0x000002397e5cbdf0, 0x000002397eb1aab0,
0x000002397eb1a420, 0x000002397eb1e5c0, 0x000002397eb1ec50, 0x000002397eb20690,
0x0000023946742800, 0x0000023946742e90, 0x00000239467469a0, 0x0000023946747030,
0x0000023946743bb0, 0x000002397d2c6a20, 0x000002397e5cff90, 0x000002397e5cb760
}

Java Threads: ( => current thread )
  0x0000023963fadc80 JavaThread "main"                              [_thread_blocked, id=15152, stack(0x000000562c600000,0x000000562c700000) (1024K)]
  0x000002396406b7f0 JavaThread "Reference Handler"          daemon [_thread_blocked, id=3452, stack(0x000000562ca00000,0x000000562cb00000) (1024K)]
  0x000002396406c610 JavaThread "Finalizer"                  daemon [_thread_blocked, id=12692, stack(0x000000562cb00000,0x000000562cc00000) (1024K)]
  0x000002397aa26d20 JavaThread "Signal Dispatcher"          daemon [_thread_blocked, id=2012, stack(0x000000562cc00000,0x000000562cd00000) (1024K)]
  0x000002397aa47bf0 JavaThread "Attach Listener"            daemon [_thread_blocked, id=12468, stack(0x000000562cd00000,0x000000562ce00000) (1024K)]
  0x000002397aa4a2f0 JavaThread "Service Thread"             daemon [_thread_blocked, id=1676, stack(0x000000562ce00000,0x000000562cf00000) (1024K)]
  0x000002397aa4f140 JavaThread "Monitor Deflation Thread"   daemon [_thread_blocked, id=8332, stack(0x000000562cf00000,0x000000562d000000) (1024K)]
=>0x000002397aa5e260 JavaThread "C2 CompilerThread0"         daemon [_thread_in_native, id=5724, stack(0x000000562d000000,0x000000562d100000) (1024K)]
  0x000002397c3060b0 JavaThread "C1 CompilerThread0"         daemon [_thread_blocked, id=13300, stack(0x000000562d100000,0x000000562d200000) (1024K)]
  0x000002397c51cf40 JavaThread "Common-Cleaner"             daemon [_thread_blocked, id=12392, stack(0x000000562d300000,0x000000562d400000) (1024K)]
  0x000002397c51d5d0 JavaThread "Notification Thread"        daemon [_thread_blocked, id=3444, stack(0x000000562d400000,0x000000562d500000) (1024K)]
  0x000002397c51c8b0 JavaThread "Active Thread: Equinox Container: 44f6d077-79da-4dec-b856-d3a4661e6379"        [_thread_blocked, id=8584, stack(0x000000562dc00000,0x000000562dd00000) (1024K)]
  0x000002397c51c220 JavaThread "Refresh Thread: Equinox Container: 44f6d077-79da-4dec-b856-d3a4661e6379" daemon [_thread_blocked, id=10484, stack(0x000000562de00000,0x000000562df00000) (1024K)]
  0x000002397cede7a0 JavaThread "Framework Event Dispatcher: Equinox Container: 44f6d077-79da-4dec-b856-d3a4661e6379" daemon [_thread_blocked, id=5468, stack(0x000000562df00000,0x000000562e000000) (1024K)]
  0x000002397cedd3f0 JavaThread "Start Level: Equinox Container: 44f6d077-79da-4dec-b856-d3a4661e6379" daemon [_thread_blocked, id=5832, stack(0x000000562e000000,0x000000562e100000) (1024K)]
  0x000002397cedc040 JavaThread "Bundle File Closer"         daemon [_thread_blocked, id=3416, stack(0x000000562e100000,0x000000562e200000) (1024K)]
  0x000002397cedee30 JavaThread "SCR Component Actor"        daemon [_thread_blocked, id=7704, stack(0x000000562d200000,0x000000562d300000) (1024K)]
  0x000002397cedc6d0 JavaThread "Worker-JM"                         [_thread_blocked, id=14752, stack(0x000000562e300000,0x000000562e400000) (1024K)]
  0x000002397cedb9b0 JavaThread "JNA Cleaner"                daemon [_thread_blocked, id=8320, stack(0x000000562d500000,0x000000562d600000) (1024K)]
  0x000002397cee0870 JavaThread "Java indexing"              daemon [_thread_blocked, id=8628, stack(0x000000562e900000,0x000000562ea00000) (1024K)]
  0x000002397cee1c20 JavaThread "pool-2-thread-1"                   [_thread_blocked, id=4476, stack(0x000000562ef00000,0x000000562f000000) (1024K)]
  0x000002397cee22b0 JavaThread "WorkspaceEventsHandler"            [_thread_blocked, id=7636, stack(0x000000562f000000,0x000000562f100000) (1024K)]
  0x000002397cee2940 JavaThread "pool-1-thread-1"                   [_thread_in_native, id=3244, stack(0x000000562f100000,0x000000562f200000) (1024K)]
  0x00000239467476c0 JavaThread "PatternSearchJob-worker-1"  daemon [_thread_blocked, id=12728, stack(0x000000562f900000,0x000000562fa00000) (1024K)]
  0x0000023946749790 JavaThread "Cleaner-0"                  daemon [_thread_blocked, id=14008, stack(0x000000562fe00000,0x000000562ff00000) (1024K)]
  0x000002397cedcd60 JavaThread "ForkJoinPool.commonPool-worker-8" daemon [_thread_blocked, id=12624, stack(0x000000562c300000,0x000000562c400000) (1024K)]
  0x000002397e5cbdf0 JavaThread "Worker-10"                         [_thread_blocked, id=14896, stack(0x000000562f700000,0x000000562f800000) (1024K)]
  0x000002397eb1aab0 JavaThread "Worker-15"                         [_thread_blocked, id=8688, stack(0x000000562c500000,0x000000562c600000) (1024K)]
  0x000002397eb1a420 JavaThread "ForkJoinPool.commonPool-worker-13" daemon [_thread_blocked, id=5796, stack(0x000000562e200000,0x000000562e300000) (1024K)]
  0x000002397eb1e5c0 JavaThread "ForkJoinPool.commonPool-worker-14" daemon [_thread_blocked, id=7284, stack(0x000000562e500000,0x000000562e600000) (1024K)]
  0x000002397eb1ec50 JavaThread "Worker-16"                         [_thread_blocked, id=1268, stack(0x000000562e700000,0x000000562e800000) (1024K)]
  0x000002397eb20690 JavaThread "Compiler Source File Reader" daemon [_thread_blocked, id=16824, stack(0x000000562ed00000,0x000000562ee00000) (1024K)]
  0x0000023946742800 JavaThread "ForkJoinPool.commonPool-worker-15" daemon [_thread_blocked, id=2548, stack(0x000000562f200000,0x000000562f300000) (1024K)]
  0x0000023946742e90 JavaThread "ForkJoinPool.commonPool-worker-16" daemon [_thread_blocked, id=12248, stack(0x000000562f300000,0x000000562f400000) (1024K)]
  0x00000239467469a0 JavaThread "ForkJoinPool.commonPool-worker-17" daemon [_thread_blocked, id=11316, stack(0x000000562f400000,0x000000562f500000) (1024K)]
  0x0000023946747030 JavaThread "ForkJoinPool.commonPool-worker-18" daemon [_thread_blocked, id=4744, stack(0x000000562f500000,0x000000562f600000) (1024K)]
  0x0000023946743bb0 JavaThread "Worker-17"                         [_thread_blocked, id=6720, stack(0x000000562fa00000,0x000000562fb00000) (1024K)]
  0x000002397d2c6a20 JavaThread "LocalFile Deleter"          daemon [_thread_blocked, id=14756, stack(0x0000005630500000,0x0000005630600000) (1024K)]
  0x000002397e5cff90 JavaThread "LocalFile Deleter"          daemon [_thread_blocked, id=3448, stack(0x0000005630c00000,0x0000005630d00000) (1024K)]
  0x000002397e5cb760 JavaThread "PatternSearchJob-worker-4"  daemon [_thread_blocked, id=9468, stack(0x000000562c400000,0x000000562c500000) (1024K)]
Total: 40

Other Threads:
  0x000002396404e870 VMThread "VM Thread"                           [id=16888, stack(0x000000562c900000,0x000000562ca00000) (1024K)]
  0x0000023964019140 WatcherThread "VM Periodic Task Thread"        [id=13316, stack(0x000000562c800000,0x000000562c900000) (1024K)]
  0x0000023963fcbe10 WorkerThread "GC Thread#0"                     [id=6552, stack(0x000000562c700000,0x000000562c800000) (1024K)]
  0x000002397c6fd020 WorkerThread "GC Thread#1"                     [id=3464, stack(0x000000562d600000,0x000000562d700000) (1024K)]
  0x000002397cbf4a10 WorkerThread "GC Thread#2"                     [id=17396, stack(0x000000562d700000,0x000000562d800000) (1024K)]
  0x000002397cbf4dc0 WorkerThread "GC Thread#3"                     [id=1564, stack(0x000000562d800000,0x000000562d900000) (1024K)]
  0x000002397cb9cb50 WorkerThread "GC Thread#4"                     [id=3384, stack(0x000000562d900000,0x000000562da00000) (1024K)]
  0x000002397cb9cf00 WorkerThread "GC Thread#5"                     [id=12520, stack(0x000000562da00000,0x000000562db00000) (1024K)]
  0x000002397cb9d2b0 WorkerThread "GC Thread#6"                     [id=3472, stack(0x000000562db00000,0x000000562dc00000) (1024K)]
  0x000002397d038a60 WorkerThread "GC Thread#7"                     [id=5824, stack(0x000000562dd00000,0x000000562de00000) (1024K)]
Total: 10

Threads with active compile tasks:
C2 CompilerThread0  3917173 23850       4       org.eclipse.jdt.internal.compiler.ast.TypeDeclaration::internalAnalyseCode (1322 bytes)
Total: 1

VM state: not at safepoint (normal execution)

VM Mutex/Monitor currently owned by a thread: None

Heap address: 0x0000000080000000, size: 2048 MB, Compressed Oops mode: 32-bit

CDS archive(s) mapped at: [0x0000023900000000-0x0000023900ba0000-0x0000023900ba0000), size 12189696, SharedBaseAddress: 0x0000023900000000, ArchiveRelocationMode: 1.
Compressed class space mapped at: 0x0000023901000000-0x0000023941000000, reserved size: 1073741824
Narrow klass base: 0x0000023900000000, Narrow klass shift: 0, Narrow klass range: 0x100000000

GC Precious Log:
 CardTable entry size: 512
 CPUs: 8 total, 8 available
 Memory: 16064M
 Large Page Support: Disabled
 NUMA Support: Disabled
 Compressed Oops: Enabled (32-bit)
 Alignments: Space 512K, Generation 512K, Heap 2M
 Heap Min Capacity: 100M
 Heap Initial Capacity: 100M
 Heap Max Capacity: 2G
 Pre-touch: Disabled
 Parallel Workers: 8

Heap:
 PSYoungGen      total 5120K, used 757K [0x00000000d5580000, 0x00000000d5b80000, 0x0000000100000000)
  eden space 4608K, 9% used [0x00000000d5580000,0x00000000d55ed608,0x00000000d5a00000)
  from space 512K, 62% used [0x00000000d5b00000,0x00000000d5b50000,0x00000000d5b80000)
  to   space 512K, 0% used [0x00000000d5a80000,0x00000000d5a80000,0x00000000d5b00000)
 ParOldGen       total 208896K, used 199150K [0x0000000080000000, 0x000000008cc00000, 0x00000000d5580000)
  object space 208896K, 95% used [0x0000000080000000,0x000000008c27bb90,0x000000008cc00000)
 Metaspace       used 89186K, committed 91008K, reserved 1179648K
  class space    used 8963K, committed 9856K, reserved 1048576K

Card table byte_map: [0x0000023963950000,0x0000023963d60000] _byte_map_base: 0x0000023963550000

Marking Bits: (ParMarkBitMap*) 0x00007fffaf2f44a0
 Begin Bits: [0x0000023976460000, 0x0000023978460000)
 End Bits:   [0x0000023978460000, 0x000002397a460000)

Polling page: 0x0000023962190000

Metaspace:

Usage:
  Non-class:     78.34 MB used.
      Class:      8.75 MB used.
       Both:     87.10 MB used.

Virtual space:
  Non-class space:      128.00 MB reserved,      79.25 MB ( 62%) committed,  2 nodes.
      Class space:        1.00 GB reserved,       9.62 MB ( <1%) committed,  1 nodes.
             Both:        1.12 GB reserved,      88.88 MB (  8%) committed. 

Chunk freelists:
   Non-Class:  716.00 KB
       Class:  6.39 MB
        Both:  7.09 MB

MaxMetaspaceSize: unlimited
CompressedClassSpaceSize: 1.00 GB
Initial GC threshold: 21.00 MB
Current GC threshold: 143.88 MB
CDS: on
 - commit_granule_bytes: 65536.
 - commit_granule_words: 8192.
 - virtual_space_node_default_size: 8388608.
 - enlarge_chunks_in_place: 1.
 - use_allocation_guard: 0.


Internal statistics:

num_allocs_failed_limit: 9.
num_arena_births: 1696.
num_arena_deaths: 26.
num_vsnodes_births: 3.
num_vsnodes_deaths: 0.
num_space_committed: 1422.
num_space_uncommitted: 0.
num_chunks_returned_to_freelist: 38.
num_chunks_taken_from_freelist: 6338.
num_chunk_merges: 15.
num_chunk_splits: 3625.
num_chunks_enlarged: 1752.
num_inconsistent_stats: 0.

CodeHeap 'non-profiled nmethods': size=120000Kb used=25945Kb max_used=25945Kb free=94054Kb
 bounds [0x000002396ec80000, 0x00000239705e0000, 0x00000239761b0000]
CodeHeap 'profiled nmethods': size=120000Kb used=52877Kb max_used=52877Kb free=67122Kb
 bounds [0x00000239671b0000, 0x000002396a560000, 0x000002396e6e0000]
CodeHeap 'non-nmethods': size=5760Kb used=1519Kb max_used=1598Kb free=4241Kb
 bounds [0x000002396e6e0000, 0x000002396e950000, 0x000002396ec80000]
CodeCache: size=245760Kb, used=80341Kb, max_used=80420Kb, free=165417Kb
 total_blobs=20619, nmethods=19798, adapters=724, full_count=0
Compilation: enabled, stopped_count=0, restarted_count=0

Compilation events (20 events):
Event: 3852.934 Thread 0x000002397aa5e260 nmethod 23838 0x00000239705bed90 code [0x00000239705bf660, 0x00000239705c81f8]
Event: 3852.935 Thread 0x000002397aa5e260 23839       4       org.eclipse.jdt.internal.junit.launcher.JUnit5TestFinder$Annotation::annotates (103 bytes)
Event: 3852.956 Thread 0x000002397aa5e260 nmethod 23839 0x00000239705ce790 code [0x00000239705ce9e0, 0x00000239705cf3d8]
Event: 3852.957 Thread 0x000002397aa5e260 23841       4       org.eclipse.jdt.internal.compiler.lookup.ModuleBinding$UnNamedModule::getAllRequiredModules (4 bytes)
Event: 3852.957 Thread 0x000002397aa5e260 nmethod 23841 0x00000239705cfa90 code [0x00000239705cfc20, 0x00000239705cfcb0]
Event: 3872.367 Thread 0x000002397aa5e260 23843       4       org.eclipse.jdt.internal.compiler.lookup.ReferenceBinding::binarySearch (180 bytes)
Event: 3872.387 Thread 0x000002397aa5e260 nmethod 23843 0x00000239705cfd90 code [0x00000239705cff40, 0x00000239705d0528]
Event: 3872.541 Thread 0x000002397aa5e260 23844       4       org.eclipse.core.runtime.Status::setMessage (19 bytes)
Event: 3872.543 Thread 0x000002397aa5e260 nmethod 23844 0x00000239705d0890 code [0x00000239705d0a20, 0x00000239705d0ae8]
Event: 3911.255 Thread 0x000002397c3060b0 23845   !   3       org.eclipse.core.internal.jobs.JobManager::changeState (511 bytes)
Event: 3911.255 Thread 0x000002397aa5e260 23846       4       org.eclipse.core.internal.jobs.JobManager::startJob (89 bytes)
Event: 3911.261 Thread 0x000002397c3060b0 nmethod 23845 0x000002396a556f10 code [0x000002396a5573a0, 0x000002396a559410]
Event: 3911.436 Thread 0x000002397aa5e260 nmethod 23846 0x00000239705d0b90 code [0x00000239705d0f20, 0x00000239705d2630]
Event: 3915.212 Thread 0x000002397aa5e260 23847       4       org.eclipse.core.internal.jobs.InternalJob::remove (48 bytes)
Event: 3915.214 Thread 0x000002397aa5e260 nmethod 23847 0x00000239705d3b90 code [0x00000239705d3d20, 0x00000239705d3df0]
Event: 3915.217 Thread 0x000002397aa5e260 23848   !   4       org.eclipse.core.internal.utils.FileUtil::canonicalPath (43 bytes)
Event: 3915.238 Thread 0x000002397aa5e260 nmethod 23848 0x00000239705d3e90 code [0x00000239705d4120, 0x00000239705d4d30]
Event: 3915.238 Thread 0x000002397aa5e260 23849   !   4       org.eclipse.core.filesystem.URIUtil::toPath (76 bytes)
Event: 3915.251 Thread 0x000002397aa5e260 nmethod 23849 0x00000239705d5710 code [0x00000239705d5960, 0x00000239705d6060]
Event: 3915.747 Thread 0x000002397aa5e260 23850       4       org.eclipse.jdt.internal.compiler.ast.TypeDeclaration::internalAnalyseCode (1322 bytes)

GC Heap History (20 events):
Event: 3846.227 GC heap before
{Heap before GC invocations=708 (full 5):
 PSYoungGen      total 5120K, used 4767K [0x00000000d5580000, 0x00000000d5b80000, 0x0000000100000000)
  eden space 4608K, 99% used [0x00000000d5580000,0x00000000d59ffff8,0x00000000d5a00000)
  from space 512K, 31% used [0x00000000d5b00000,0x00000000d5b28000,0x00000000d5b80000)
  to   space 512K, 0% used [0x00000000d5a80000,0x00000000d5a80000,0x00000000d5b00000)
 ParOldGen       total 208896K, used 197586K [0x0000000080000000, 0x000000008cc00000, 0x00000000d5580000)
  object space 208896K, 94% used [0x0000000080000000,0x000000008c0f4950,0x000000008cc00000)
 Metaspace       used 89174K, committed 91008K, reserved 1179648K
  class space    used 8963K, committed 9856K, reserved 1048576K
}
Event: 3846.229 GC heap after
{Heap after GC invocations=708 (full 5):
 PSYoungGen      total 5120K, used 480K [0x00000000d5580000, 0x00000000d5c00000, 0x0000000100000000)
  eden space 4608K, 0% used [0x00000000d5580000,0x00000000d5580000,0x00000000d5a00000)
  from space 512K, 93% used [0x00000000d5a80000,0x00000000d5af8000,0x00000000d5b00000)
  to   space 1024K, 0% used [0x00000000d5b00000,0x00000000d5b00000,0x00000000d5c00000)
 ParOldGen       total 208896K, used 197618K [0x0000000080000000, 0x000000008cc00000, 0x00000000d5580000)
  object space 208896K, 94% used [0x0000000080000000,0x000000008c0fc950,0x000000008cc00000)
 Metaspace       used 89174K, committed 91008K, reserved 1179648K
  class space    used 8963K, committed 9856K, reserved 1048576K
}
Event: 3846.766 GC heap before
{Heap before GC invocations=709 (full 5):
 PSYoungGen      total 5120K, used 5088K [0x00000000d5580000, 0x00000000d5c00000, 0x0000000100000000)
  eden space 4608K, 100% used [0x00000000d5580000,0x00000000d5a00000,0x00000000d5a00000)
  from space 512K, 93% used [0x00000000d5a80000,0x00000000d5af8000,0x00000000d5b00000)
  to   space 1024K, 0% used [0x00000000d5b00000,0x00000000d5b00000,0x00000000d5c00000)
 ParOldGen       total 208896K, used 197618K [0x0000000080000000, 0x000000008cc00000, 0x00000000d5580000)
  object space 208896K, 94% used [0x0000000080000000,0x000000008c0fc950,0x000000008cc00000)
 Metaspace       used 89174K, committed 91008K, reserved 1179648K
  class space    used 8963K, committed 9856K, reserved 1048576K
}
Event: 3846.768 GC heap after
{Heap after GC invocations=709 (full 5):
 PSYoungGen      total 5632K, used 768K [0x00000000d5580000, 0x00000000d5c00000, 0x0000000100000000)
  eden space 4608K, 0% used [0x00000000d5580000,0x00000000d5580000,0x00000000d5a00000)
  from space 1024K, 75% used [0x00000000d5b00000,0x00000000d5bc0000,0x00000000d5c00000)
  to   space 1024K, 0% used [0x00000000d5a00000,0x00000000d5a00000,0x00000000d5b00000)
 ParOldGen       total 208896K, used 197642K [0x0000000080000000, 0x000000008cc00000, 0x00000000d5580000)
  object space 208896K, 94% used [0x0000000080000000,0x000000008c102950,0x000000008cc00000)
 Metaspace       used 89174K, committed 91008K, reserved 1179648K
  class space    used 8963K, committed 9856K, reserved 1048576K
}
Event: 3852.303 GC heap before
{Heap before GC invocations=710 (full 5):
 PSYoungGen      total 5632K, used 5376K [0x00000000d5580000, 0x00000000d5c00000, 0x0000000100000000)
  eden space 4608K, 100% used [0x00000000d5580000,0x00000000d5a00000,0x00000000d5a00000)
  from space 1024K, 75% used [0x00000000d5b00000,0x00000000d5bc0000,0x00000000d5c00000)
  to   space 1024K, 0% used [0x00000000d5a00000,0x00000000d5a00000,0x00000000d5b00000)
 ParOldGen       total 208896K, used 197642K [0x0000000080000000, 0x000000008cc00000, 0x00000000d5580000)
  object space 208896K, 94% used [0x0000000080000000,0x000000008c102950,0x000000008cc00000)
 Metaspace       used 89177K, committed 91008K, reserved 1179648K
  class space    used 8963K, committed 9856K, reserved 1048576K
}
Event: 3852.304 GC heap after
{Heap after GC invocations=710 (full 5):
 PSYoungGen      total 5632K, used 528K [0x00000000d5580000, 0x00000000d5c00000, 0x0000000100000000)
  eden space 4608K, 0% used [0x00000000d5580000,0x00000000d5580000,0x00000000d5a00000)
  from space 1024K, 51% used [0x00000000d5a00000,0x00000000d5a84010,0x00000000d5b00000)
  to   space 1024K, 0% used [0x00000000d5b00000,0x00000000d5b00000,0x00000000d5c00000)
 ParOldGen       total 208896K, used 197650K [0x0000000080000000, 0x000000008cc00000, 0x00000000d5580000)
  object space 208896K, 94% used [0x0000000080000000,0x000000008c104950,0x000000008cc00000)
 Metaspace       used 89177K, committed 91008K, reserved 1179648K
  class space    used 8963K, committed 9856K, reserved 1048576K
}
Event: 3852.714 GC heap before
{Heap before GC invocations=711 (full 5):
 PSYoungGen      total 5632K, used 5136K [0x00000000d5580000, 0x00000000d5c00000, 0x0000000100000000)
  eden space 4608K, 100% used [0x00000000d5580000,0x00000000d5a00000,0x00000000d5a00000)
  from space 1024K, 51% used [0x00000000d5a00000,0x00000000d5a84010,0x00000000d5b00000)
  to   space 1024K, 0% used [0x00000000d5b00000,0x00000000d5b00000,0x00000000d5c00000)
 ParOldGen       total 208896K, used 197650K [0x0000000080000000, 0x000000008cc00000, 0x00000000d5580000)
  object space 208896K, 94% used [0x0000000080000000,0x000000008c104950,0x000000008cc00000)
 Metaspace       used 89184K, committed 91008K, reserved 1179648K
  class space    used 8963K, committed 9856K, reserved 1048576K
}
Event: 3852.715 GC heap after
{Heap after GC invocations=711 (full 5):
 PSYoungGen      total 5632K, used 480K [0x00000000d5580000, 0x00000000d5c00000, 0x0000000100000000)
  eden space 4608K, 0% used [0x00000000d5580000,0x00000000d5580000,0x00000000d5a00000)
  from space 1024K, 46% used [0x00000000d5b00000,0x00000000d5b78000,0x00000000d5c00000)
  to   space 1024K, 0% used [0x00000000d5a00000,0x00000000d5a00000,0x00000000d5b00000)
 ParOldGen       total 208896K, used 197674K [0x0000000080000000, 0x000000008cc00000, 0x00000000d5580000)
  object space 208896K, 94% used [0x0000000080000000,0x000000008c10a950,0x000000008cc00000)
 Metaspace       used 89184K, committed 91008K, reserved 1179648K
  class space    used 8963K, committed 9856K, reserved 1048576K
}
Event: 3852.865 GC heap before
{Heap before GC invocations=712 (full 5):
 PSYoungGen      total 5632K, used 5087K [0x00000000d5580000, 0x00000000d5c00000, 0x0000000100000000)
  eden space 4608K, 99% used [0x00000000d5580000,0x00000000d59ffff8,0x00000000d5a00000)
  from space 1024K, 46% used [0x00000000d5b00000,0x00000000d5b78000,0x00000000d5c00000)
  to   space 1024K, 0% used [0x00000000d5a00000,0x00000000d5a00000,0x00000000d5b00000)
 ParOldGen       total 208896K, used 197674K [0x0000000080000000, 0x000000008cc00000, 0x00000000d5580000)
  object space 208896K, 94% used [0x0000000080000000,0x000000008c10a950,0x000000008cc00000)
 Metaspace       used 89186K, committed 91008K, reserved 1179648K
  class space    used 8963K, committed 9856K, reserved 1048576K
}
Event: 3852.867 GC heap after
{Heap after GC invocations=712 (full 5):
 PSYoungGen      total 5632K, used 304K [0x00000000d5580000, 0x00000000d5b80000, 0x0000000100000000)
  eden space 4608K, 0% used [0x00000000d5580000,0x00000000d5580000,0x00000000d5a00000)
  from space 1024K, 29% used [0x00000000d5a00000,0x00000000d5a4c010,0x00000000d5b00000)
  to   space 512K, 0% used [0x00000000d5b00000,0x00000000d5b00000,0x00000000d5b80000)
 ParOldGen       total 208896K, used 198039K [0x0000000080000000, 0x000000008cc00000, 0x00000000d5580000)
  object space 208896K, 94% used [0x0000000080000000,0x000000008c165de0,0x000000008cc00000)
 Metaspace       used 89186K, committed 91008K, reserved 1179648K
  class space    used 8963K, committed 9856K, reserved 1048576K
}
Event: 3872.358 GC heap before
{Heap before GC invocations=713 (full 5):
 PSYoungGen      total 5632K, used 4912K [0x00000000d5580000, 0x00000000d5b80000, 0x0000000100000000)
  eden space 4608K, 100% used [0x00000000d5580000,0x00000000d5a00000,0x00000000d5a00000)
  from space 1024K, 29% used [0x00000000d5a00000,0x00000000d5a4c010,0x00000000d5b00000)
  to   space 512K, 0% used [0x00000000d5b00000,0x00000000d5b00000,0x00000000d5b80000)
 ParOldGen       total 208896K, used 198039K [0x0000000080000000, 0x000000008cc00000, 0x00000000d5580000)
  object space 208896K, 94% used [0x0000000080000000,0x000000008c165de0,0x000000008cc00000)
 Metaspace       used 89186K, committed 91008K, reserved 1179648K
  class space    used 8963K, committed 9856K, reserved 1048576K
}
Event: 3872.361 GC heap after
{Heap after GC invocations=713 (full 5):
 PSYoungGen      total 5120K, used 496K [0x00000000d5580000, 0x00000000d5c00000, 0x0000000100000000)
  eden space 4608K, 0% used [0x00000000d5580000,0x00000000d5580000,0x00000000d5a00000)
  from space 512K, 96% used [0x00000000d5b00000,0x00000000d5b7c010,0x00000000d5b80000)
  to   space 1024K, 0% used [0x00000000d5a00000,0x00000000d5a00000,0x00000000d5b00000)
 ParOldGen       total 208896K, used 198127K [0x0000000080000000, 0x000000008cc00000, 0x00000000d5580000)
  object space 208896K, 94% used [0x0000000080000000,0x000000008c17bde0,0x000000008cc00000)
 Metaspace       used 89186K, committed 91008K, reserved 1179648K
  class space    used 8963K, committed 9856K, reserved 1048576K
}
Event: 3911.668 GC heap before
{Heap before GC invocations=714 (full 5):
 PSYoungGen      total 5120K, used 5104K [0x00000000d5580000, 0x00000000d5c00000, 0x0000000100000000)
  eden space 4608K, 99% used [0x00000000d5580000,0x00000000d59ffff0,0x00000000d5a00000)
  from space 512K, 96% used [0x00000000d5b00000,0x00000000d5b7c010,0x00000000d5b80000)
  to   space 1024K, 0% used [0x00000000d5a00000,0x00000000d5a00000,0x00000000d5b00000)
 ParOldGen       total 208896K, used 198127K [0x0000000080000000, 0x000000008cc00000, 0x00000000d5580000)
  object space 208896K, 94% used [0x0000000080000000,0x000000008c17bde0,0x000000008cc00000)
 Metaspace       used 89186K, committed 91008K, reserved 1179648K
  class space    used 8963K, committed 9856K, reserved 1048576K
}
Event: 3911.671 GC heap after
{Heap after GC invocations=714 (full 5):
 PSYoungGen      total 5632K, used 480K [0x00000000d5580000, 0x00000000d5c00000, 0x0000000100000000)
  eden space 4608K, 0% used [0x00000000d5580000,0x00000000d5580000,0x00000000d5a00000)
  from space 1024K, 46% used [0x00000000d5a00000,0x00000000d5a78000,0x00000000d5b00000)
  to   space 1024K, 0% used [0x00000000d5b00000,0x00000000d5b00000,0x00000000d5c00000)
 ParOldGen       total 208896K, used 198601K [0x0000000080000000, 0x000000008cc00000, 0x00000000d5580000)
  object space 208896K, 95% used [0x0000000080000000,0x000000008c1f2700,0x000000008cc00000)
 Metaspace       used 89186K, committed 91008K, reserved 1179648K
  class space    used 8963K, committed 9856K, reserved 1048576K
}
Event: 3914.904 GC heap before
{Heap before GC invocations=715 (full 5):
 PSYoungGen      total 5632K, used 5088K [0x00000000d5580000, 0x00000000d5c00000, 0x0000000100000000)
  eden space 4608K, 100% used [0x00000000d5580000,0x00000000d5a00000,0x00000000d5a00000)
  from space 1024K, 46% used [0x00000000d5a00000,0x00000000d5a78000,0x00000000d5b00000)
  to   space 1024K, 0% used [0x00000000d5b00000,0x00000000d5b00000,0x00000000d5c00000)
 ParOldGen       total 208896K, used 198601K [0x0000000080000000, 0x000000008cc00000, 0x00000000d5580000)
  object space 208896K, 95% used [0x0000000080000000,0x000000008c1f2700,0x000000008cc00000)
 Metaspace       used 89186K, committed 91008K, reserved 1179648K
  class space    used 8963K, committed 9856K, reserved 1048576K
}
Event: 3914.905 GC heap after
{Heap after GC invocations=715 (full 5):
 PSYoungGen      total 5120K, used 496K [0x00000000d5580000, 0x00000000d5b80000, 0x0000000100000000)
  eden space 4608K, 0% used [0x00000000d5580000,0x00000000d5580000,0x00000000d5a00000)
  from space 512K, 96% used [0x00000000d5b00000,0x00000000d5b7c010,0x00000000d5b80000)
  to   space 512K, 0% used [0x00000000d5a80000,0x00000000d5a80000,0x00000000d5b00000)
 ParOldGen       total 208896K, used 198793K [0x0000000080000000, 0x000000008cc00000, 0x00000000d5580000)
  object space 208896K, 95% used [0x0000000080000000,0x000000008c222700,0x000000008cc00000)
 Metaspace       used 89186K, committed 91008K, reserved 1179648K
  class space    used 8963K, committed 9856K, reserved 1048576K
}
Event: 3915.337 GC heap before
{Heap before GC invocations=716 (full 5):
 PSYoungGen      total 5120K, used 5104K [0x00000000d5580000, 0x00000000d5b80000, 0x0000000100000000)
  eden space 4608K, 100% used [0x00000000d5580000,0x00000000d5a00000,0x00000000d5a00000)
  from space 512K, 96% used [0x00000000d5b00000,0x00000000d5b7c010,0x00000000d5b80000)
  to   space 512K, 0% used [0x00000000d5a80000,0x00000000d5a80000,0x00000000d5b00000)
 ParOldGen       total 208896K, used 198793K [0x0000000080000000, 0x000000008cc00000, 0x00000000d5580000)
  object space 208896K, 95% used [0x0000000080000000,0x000000008c222700,0x000000008cc00000)
 Metaspace       used 89186K, committed 91008K, reserved 1179648K
  class space    used 8963K, committed 9856K, reserved 1048576K
}
Event: 3915.338 GC heap after
{Heap after GC invocations=716 (full 5):
 PSYoungGen      total 5120K, used 384K [0x00000000d5580000, 0x00000000d5b80000, 0x0000000100000000)
  eden space 4608K, 0% used [0x00000000d5580000,0x00000000d5580000,0x00000000d5a00000)
  from space 512K, 75% used [0x00000000d5a80000,0x00000000d5ae0000,0x00000000d5b00000)
  to   space 512K, 0% used [0x00000000d5b00000,0x00000000d5b00000,0x00000000d5b80000)
 ParOldGen       total 208896K, used 198801K [0x0000000080000000, 0x000000008cc00000, 0x00000000d5580000)
  object space 208896K, 95% used [0x0000000080000000,0x000000008c224700,0x000000008cc00000)
 Metaspace       used 89186K, committed 91008K, reserved 1179648K
  class space    used 8963K, committed 9856K, reserved 1048576K
}
Event: 3915.743 GC heap before
{Heap before GC invocations=717 (full 5):
 PSYoungGen      total 5120K, used 4991K [0x00000000d5580000, 0x00000000d5b80000, 0x0000000100000000)
  eden space 4608K, 99% used [0x00000000d5580000,0x00000000d59ffff0,0x00000000d5a00000)
  from space 512K, 75% used [0x00000000d5a80000,0x00000000d5ae0000,0x00000000d5b00000)
  to   space 512K, 0% used [0x00000000d5b00000,0x00000000d5b00000,0x00000000d5b80000)
 ParOldGen       total 208896K, used 198801K [0x0000000080000000, 0x000000008cc00000, 0x00000000d5580000)
  object space 208896K, 95% used [0x0000000080000000,0x000000008c224700,0x000000008cc00000)
 Metaspace       used 89186K, committed 91008K, reserved 1179648K
  class space    used 8963K, committed 9856K, reserved 1048576K
}
Event: 3915.745 GC heap after
{Heap after GC invocations=717 (full 5):
 PSYoungGen      total 5120K, used 320K [0x00000000d5580000, 0x00000000d5b80000, 0x0000000100000000)
  eden space 4608K, 0% used [0x00000000d5580000,0x00000000d5580000,0x00000000d5a00000)
  from space 512K, 62% used [0x00000000d5b00000,0x00000000d5b50000,0x00000000d5b80000)
  to   space 512K, 0% used [0x00000000d5a80000,0x00000000d5a80000,0x00000000d5b00000)
 ParOldGen       total 208896K, used 199150K [0x0000000080000000, 0x000000008cc00000, 0x00000000d5580000)
  object space 208896K, 95% used [0x0000000080000000,0x000000008c27bb90,0x000000008cc00000)
 Metaspace       used 89186K, committed 91008K, reserved 1179648K
  class space    used 8963K, committed 9856K, reserved 1048576K
}

Dll operation events (20 events):
Event: 0.262 Attempting to load shared library C:\Users\hp\.vscode\extensions\redhat.java-1.56.0-win32-x64\jre\21.0.12.1-win32-x86_64\bin\instrument.dll
Event: 0.262 Loaded shared library C:\Users\hp\.vscode\extensions\redhat.java-1.56.0-win32-x64\jre\21.0.12.1-win32-x86_64\bin\instrument.dll
Event: 0.266 Attempting to load shared library C:\Users\hp\.vscode\extensions\redhat.java-1.56.0-win32-x64\jre\21.0.12.1-win32-x86_64\bin\net.dll
Event: 0.350 Loaded shared library C:\Users\hp\.vscode\extensions\redhat.java-1.56.0-win32-x64\jre\21.0.12.1-win32-x86_64\bin\net.dll
Event: 0.353 Attempting to load shared library C:\Users\hp\.vscode\extensions\redhat.java-1.56.0-win32-x64\jre\21.0.12.1-win32-x86_64\bin\nio.dll
Event: 0.398 Loaded shared library C:\Users\hp\.vscode\extensions\redhat.java-1.56.0-win32-x64\jre\21.0.12.1-win32-x86_64\bin\nio.dll
Event: 0.403 Attempting to load shared library C:\Users\hp\.vscode\extensions\redhat.java-1.56.0-win32-x64\jre\21.0.12.1-win32-x86_64\bin\zip.dll
Event: 0.403 Loaded shared library C:\Users\hp\.vscode\extensions\redhat.java-1.56.0-win32-x64\jre\21.0.12.1-win32-x86_64\bin\zip.dll
Event: 0.426 Attempting to load shared library C:\Users\hp\.vscode\extensions\redhat.java-1.56.0-win32-x64\jre\21.0.12.1-win32-x86_64\bin\jimage.dll
Event: 0.426 Loaded shared library C:\Users\hp\.vscode\extensions\redhat.java-1.56.0-win32-x64\jre\21.0.12.1-win32-x86_64\bin\jimage.dll
Event: 0.510 Attempting to load shared library c:\Users\hp\.vscode\extensions\redhat.java-1.56.0-win32-x64\jre\21.0.12.1-win32-x86_64\bin\verify.dll
Event: 0.594 Loaded shared library c:\Users\hp\.vscode\extensions\redhat.java-1.56.0-win32-x64\jre\21.0.12.1-win32-x86_64\bin\verify.dll
Event: 2.155 Attempting to load shared library C:\Users\hp\AppData\Roaming\Code\User\globalStorage\redhat.java\1.56.0\config_win\org.eclipse.equinox.launcher\org.eclipse.equinox.launcher.win32.win32.x86_64_1.3.100.v20260804-1928\eclipse_11924.dll
Event: 2.157 Loaded shared library C:\Users\hp\AppData\Roaming\Code\User\globalStorage\redhat.java\1.56.0\config_win\org.eclipse.equinox.launcher\org.eclipse.equinox.launcher.win32.win32.x86_64_1.3.100.v20260804-1928\eclipse_11924.dll
Event: 5.793 Attempting to load shared library C:\Users\hp\AppData\Local\Temp\jna-3336\jna15787457113277523001.dll
Event: 5.948 Loaded shared library C:\Users\hp\AppData\Local\Temp\jna-3336\jna15787457113277523001.dll
Event: 1090.255 Attempting to load shared library C:\Users\hp\.vscode\extensions\redhat.java-1.56.0-win32-x64\jre\21.0.12.1-win32-x86_64\bin\sunmscapi.dll
Event: 1090.361 Loaded shared library C:\Users\hp\.vscode\extensions\redhat.java-1.56.0-win32-x64\jre\21.0.12.1-win32-x86_64\bin\sunmscapi.dll
Event: 1091.095 Attempting to load shared library C:\Users\hp\.vscode\extensions\redhat.java-1.56.0-win32-x64\jre\21.0.12.1-win32-x86_64\bin\extnet.dll
Event: 1091.200 Loaded shared library C:\Users\hp\.vscode\extensions\redhat.java-1.56.0-win32-x64\jre\21.0.12.1-win32-x86_64\bin\extnet.dll

Deoptimization events (20 events):
Event: 3836.155 Thread 0x000002397eb1a420 Uncommon trap: trap_request=0xffffffcc fr.pc=0x00000239705ba05c relative=0x000000000000019c
Event: 3836.155 Thread 0x000002397eb1a420 Uncommon trap: reason=intrinsic_or_type_checked_inlining action=make_not_entrant pc=0x00000239705ba05c method=org.eclipse.core.internal.resources.WorkspaceRoot.getProjects(I)[Lorg/eclipse/core/resources/IProject; @ 8 c2
Event: 3836.155 Thread 0x000002397eb1a420 DEOPT PACKING pc=0x00000239705ba05c sp=0x000000562e2fe660
Event: 3836.155 Thread 0x000002397eb1a420 DEOPT UNPACKING pc=0x000002396e736da2 sp=0x000000562e2fe5d8 mode 2
Event: 3836.224 Thread 0x0000023946743bb0 Uncommon trap: trap_request=0xffffff54 fr.pc=0x00000239705a0d9c relative=0x00000000000009bc
Event: 3836.224 Thread 0x0000023946743bb0 Uncommon trap: reason=speculate_null_assert action=make_not_entrant pc=0x00000239705a0d9c method=org.eclipse.core.internal.jobs.JobManager.startJob(Lorg/eclipse/core/internal/jobs/Worker;)Lorg/eclipse/core/runtime/jobs/Job; @ 60 c2
Event: 3836.224 Thread 0x0000023946743bb0 DEOPT PACKING pc=0x00000239705a0d9c sp=0x000000562fafef30
Event: 3836.224 Thread 0x0000023946743bb0 DEOPT UNPACKING pc=0x000002396e736da2 sp=0x000000562fafef08 mode 2
Event: 3836.224 Thread 0x0000023946743bb0 Uncommon trap: trap_request=0xffffff45 fr.pc=0x000002396f46417c relative=0x000000000000067c
Event: 3836.224 Thread 0x0000023946743bb0 Uncommon trap: reason=unstable_if action=reinterpret pc=0x000002396f46417c method=org.eclipse.core.internal.jobs.JobManager.changeState(Lorg/eclipse/core/internal/jobs/InternalJob;I)V @ 55 c2
Event: 3836.224 Thread 0x0000023946743bb0 DEOPT PACKING pc=0x000002396f46417c sp=0x000000562fafec30
Event: 3836.224 Thread 0x0000023946743bb0 DEOPT UNPACKING pc=0x000002396e736da2 sp=0x000000562fafebc8 mode 2
Event: 3846.122 Thread 0x000002397eb1a420 Uncommon trap: trap_request=0xffffff45 fr.pc=0x000002397041f2ec relative=0x000000000000092c
Event: 3846.122 Thread 0x000002397eb1a420 Uncommon trap: reason=unstable_if action=reinterpret pc=0x000002397041f2ec method=org.eclipse.jdt.internal.compiler.util.HashtableOfType.put([CLorg/eclipse/jdt/internal/compiler/lookup/ReferenceBinding;)Lorg/eclipse/jdt/internal/compiler/lookup/ReferenceB
Event: 3846.122 Thread 0x000002397eb1a420 DEOPT PACKING pc=0x000002397041f2ec sp=0x000000562e2fd570
Event: 3846.122 Thread 0x000002397eb1a420 DEOPT UNPACKING pc=0x000002396e736da2 sp=0x000000562e2fd488 mode 2
Event: 3846.130 Thread 0x000002397eb1a420 Uncommon trap: trap_request=0xffffff45 fr.pc=0x000002396fbd0fa8 relative=0x0000000000000688
Event: 3846.130 Thread 0x000002397eb1a420 Uncommon trap: reason=unstable_if action=reinterpret pc=0x000002396fbd0fa8 method=org.eclipse.jdt.internal.compiler.util.HashtableOfType.put([CLorg/eclipse/jdt/internal/compiler/lookup/ReferenceBinding;)Lorg/eclipse/jdt/internal/compiler/lookup/ReferenceB
Event: 3846.130 Thread 0x000002397eb1a420 DEOPT PACKING pc=0x000002396fbd0fa8 sp=0x000000562e2fd600
Event: 3846.130 Thread 0x000002397eb1a420 DEOPT UNPACKING pc=0x000002396e736da2 sp=0x000000562e2fd598 mode 2

Classes loaded (20 events):
Event: 1092.399 Loading class org/xml/sax/SAXNotSupportedException
Event: 1092.399 Loading class org/xml/sax/SAXNotSupportedException done
Event: 1097.271 Loading class sun/security/ssl/Alert
Event: 1097.281 Loading class sun/security/ssl/Alert done
Event: 1097.282 Loading class sun/security/ssl/Alert$AlertConsumer
Event: 1097.282 Loading class sun/security/ssl/Alert$AlertConsumer done
Event: 1097.282 Loading class sun/security/ssl/Alert$Level
Event: 1097.282 Loading class sun/security/ssl/Alert$Level done
Event: 3511.339 Loading class java/nio/file/FileTreeIterator
Event: 3511.339 Loading class java/nio/file/FileTreeIterator done
Event: 3511.758 Loading class java/lang/Throwable$WrappedPrintWriter
Event: 3511.758 Loading class java/lang/Throwable$PrintStreamOrWriter
Event: 3511.759 Loading class java/lang/Throwable$PrintStreamOrWriter done
Event: 3511.759 Loading class java/lang/Throwable$WrappedPrintWriter done
Event: 3513.003 Loading class java/lang/invoke/MethodHandleImpl$CountingWrapper$1
Event: 3513.004 Loading class java/lang/invoke/MethodHandleImpl$CountingWrapper$1 done
Event: 3515.240 Loading class java/util/concurrent/ConcurrentHashMap$TreeNode
Event: 3515.241 Loading class java/util/concurrent/ConcurrentHashMap$TreeNode done
Event: 3515.241 Loading class java/util/concurrent/ConcurrentHashMap$TreeBin
Event: 3515.242 Loading class java/util/concurrent/ConcurrentHashMap$TreeBin done

Classes unloaded (13 events):
Event: 7.086 Thread 0x000002396404e870 Unloading class 0x00000239011ab400 'java/lang/invoke/LambdaForm$MH+0x00000239011ab400'
Event: 7.086 Thread 0x000002396404e870 Unloading class 0x00000239011ab000 'java/lang/invoke/LambdaForm$MH+0x00000239011ab000'
Event: 7.086 Thread 0x000002396404e870 Unloading class 0x00000239011aac00 'java/lang/invoke/LambdaForm$MH+0x00000239011aac00'
Event: 7.086 Thread 0x000002396404e870 Unloading class 0x00000239011aa800 'java/lang/invoke/LambdaForm$MH+0x00000239011aa800'
Event: 7.086 Thread 0x000002396404e870 Unloading class 0x00000239011aa400 'java/lang/invoke/LambdaForm$BMH+0x00000239011aa400'
Event: 7.086 Thread 0x000002396404e870 Unloading class 0x00000239011aa000 'java/lang/invoke/LambdaForm$DMH+0x00000239011aa000'
Event: 7.086 Thread 0x000002396404e870 Unloading class 0x00000239011a8c00 'java/lang/invoke/LambdaForm$DMH+0x00000239011a8c00'
Event: 10.116 Thread 0x000002396404e870 Unloading class 0x0000023901300400 'java/lang/invoke/LambdaForm$MH+0x0000023901300400'
Event: 10.116 Thread 0x000002396404e870 Unloading class 0x00000239012fb800 'java/lang/invoke/LambdaForm$MH+0x00000239012fb800'
Event: 10.116 Thread 0x000002396404e870 Unloading class 0x00000239012fb000 'java/lang/invoke/LambdaForm$MH+0x00000239012fb000'
Event: 10.116 Thread 0x000002396404e870 Unloading class 0x00000239012fa800 'java/lang/invoke/LambdaForm$MH+0x00000239012fa800'
Event: 10.116 Thread 0x000002396404e870 Unloading class 0x00000239012fa400 'java/lang/invoke/LambdaForm$DMH+0x00000239012fa400'
Event: 10.116 Thread 0x000002396404e870 Unloading class 0x00000239012f9800 'java/lang/invoke/LambdaForm$MH+0x00000239012f9800'

Classes redefined (0 events):
No events

Internal exceptions (20 events):
Event: 3516.396 Thread 0x000002397cee0870 Exception <a 'sun/nio/fs/WindowsException'{0x00000000d5a777d0}> (0x00000000d5a777d0) 
thrown [s\src\hotspot\share\prims\jni.cpp, line 520]
Event: 3516.560 Thread 0x000002397cee0870 Exception <a 'java/lang/NullPointerException'{0x00000000d560f0f0}> (0x00000000d560f0f0) 
thrown [s\src\hotspot\share\interpreter\linkResolver.cpp, line 1372]
Event: 3516.563 Thread 0x000002397cee0870 Exception <a 'java/lang/NullPointerException'{0x00000000d5618490}> (0x00000000d5618490) 
thrown [s\src\hotspot\share\interpreter\linkResolver.cpp, line 1372]
Event: 3516.572 Thread 0x000002397cee0870 Exception <a 'java/lang/NullPointerException'{0x00000000d5632548}> (0x00000000d5632548) 
thrown [s\src\hotspot\share\interpreter\linkResolver.cpp, line 1372]
Event: 3516.600 Thread 0x000002397cee0870 Exception <a 'java/lang/NullPointerException'{0x00000000d56c2e48}> (0x00000000d56c2e48) 
thrown [s\src\hotspot\share\interpreter\linkResolver.cpp, line 1372]
Event: 3516.603 Thread 0x000002397cee0870 Exception <a 'java/lang/NullPointerException'{0x00000000d56c9f40}> (0x00000000d56c9f40) 
thrown [s\src\hotspot\share\interpreter\linkResolver.cpp, line 1372]
Event: 3516.603 Thread 0x000002397cee0870 Exception <a 'java/lang/NullPointerException'{0x00000000d56ca360}> (0x00000000d56ca360) 
thrown [s\src\hotspot\share\interpreter\linkResolver.cpp, line 1372]
Event: 3516.637 Thread 0x000002397cee0870 Exception <a 'java/lang/NullPointerException'{0x00000000d577cdd8}> (0x00000000d577cdd8) 
thrown [s\src\hotspot\share\interpreter\linkResolver.cpp, line 1372]
Event: 3516.638 Thread 0x000002397cee0870 Exception <a 'java/lang/NullPointerException'{0x00000000d5788150}> (0x00000000d5788150) 
thrown [s\src\hotspot\share\interpreter\linkResolver.cpp, line 1372]
Event: 3516.665 Thread 0x000002397cee0870 Exception <a 'java/lang/NullPointerException'{0x00000000d582d520}> (0x00000000d582d520) 
thrown [s\src\hotspot\share\interpreter\linkResolver.cpp, line 1372]
Event: 3516.667 Thread 0x000002397cee0870 Exception <a 'java/lang/NullPointerException'{0x00000000d5833ba0}> (0x00000000d5833ba0) 
thrown [s\src\hotspot\share\interpreter\linkResolver.cpp, line 1372]
Event: 3533.384 Thread 0x000002397cedcd60 Implicit null exception at 0x000002396ee30b24 to 0x000002396ee30c22
Event: 3533.385 Thread 0x000002397cedcd60 Implicit null exception at 0x000002397005c114 to 0x000002397005c2bc
Event: 3533.821 Thread 0x000002397cedcd60 Implicit null exception at 0x000002396ffb9b51 to 0x000002396ffba254
Event: 3578.928 Thread 0x000002397cee0870 Exception <a 'sun/nio/fs/WindowsException'{0x00000000d561b228}> (0x00000000d561b228) 
thrown [s\src\hotspot\share\prims\jni.cpp, line 520]
Event: 3578.971 Thread 0x000002397cee0870 Exception <a 'sun/nio/fs/WindowsException'{0x00000000d5799c60}> (0x00000000d5799c60) 
thrown [s\src\hotspot\share\prims\jni.cpp, line 520]
Event: 3603.775 Thread 0x000002397cee0870 Exception <a 'sun/nio/fs/WindowsException'{0x00000000d597a968}> (0x00000000d597a968) 
thrown [s\src\hotspot\share\prims\jni.cpp, line 520]
Event: 3603.839 Thread 0x000002397cee0870 Exception <a 'sun/nio/fs/WindowsException'{0x00000000d5586b90}> (0x00000000d5586b90) 
thrown [s\src\hotspot\share\prims\jni.cpp, line 520]
Event: 3730.150 Thread 0x000002397cee0870 Exception <a 'sun/nio/fs/WindowsException'{0x00000000d55acd18}> (0x00000000d55acd18) 
thrown [s\src\hotspot\share\prims\jni.cpp, line 520]
Event: 3730.173 Thread 0x000002397cee0870 Exception <a 'sun/nio/fs/WindowsException'{0x00000000d5814670}> (0x00000000d5814670) 
thrown [s\src\hotspot\share\prims\jni.cpp, line 520]

ZGC Phase Switch (0 events):
No events

VM Operations (20 events):
Event: 3852.303 Executing safepoint VM operation: ParallelGCFailedAllocation (Allocation Failure)
Event: 3852.304 Executing safepoint VM operation: ParallelGCFailedAllocation (Allocation Failure) done
Event: 3852.714 Executing safepoint VM operation: ParallelGCFailedAllocation (Allocation Failure)
Event: 3852.716 Executing safepoint VM operation: ParallelGCFailedAllocation (Allocation Failure) done
Event: 3852.865 Executing safepoint VM operation: ParallelGCFailedAllocation (Allocation Failure)
Event: 3852.867 Executing safepoint VM operation: ParallelGCFailedAllocation (Allocation Failure) done
Event: 3872.358 Executing safepoint VM operation: ParallelGCFailedAllocation (Allocation Failure)
Event: 3872.361 Executing safepoint VM operation: ParallelGCFailedAllocation (Allocation Failure) done
Event: 3880.752 Executing non-safepoint VM operation: HandshakeAllThreads (HandshakeForDeflation)
Event: 3880.752 Executing non-safepoint VM operation: HandshakeAllThreads (HandshakeForDeflation) done
Event: 3880.752 Executing non-safepoint VM operation: RendezvousGCThreads
Event: 3880.752 Executing non-safepoint VM operation: RendezvousGCThreads done
Event: 3911.668 Executing safepoint VM operation: ParallelGCFailedAllocation (Allocation Failure)
Event: 3911.671 Executing safepoint VM operation: ParallelGCFailedAllocation (Allocation Failure) done
Event: 3914.904 Executing safepoint VM operation: ParallelGCFailedAllocation (Allocation Failure)
Event: 3914.906 Executing safepoint VM operation: ParallelGCFailedAllocation (Allocation Failure) done
Event: 3915.337 Executing safepoint VM operation: ParallelGCFailedAllocation (Allocation Failure)
Event: 3915.339 Executing safepoint VM operation: ParallelGCFailedAllocation (Allocation Failure) done
Event: 3915.743 Executing safepoint VM operation: ParallelGCFailedAllocation (Allocation Failure)
Event: 3915.745 Executing safepoint VM operation: ParallelGCFailedAllocation (Allocation Failure) done

Memory protections (0 events):
No events

Nmethod flushes (20 events):
Event: 1175.880 Thread 0x000002396404e870 flushing  nmethod 0x00000239691eda90
Event: 1175.880 Thread 0x000002396404e870 flushing  nmethod 0x000002396922a090
Event: 1175.880 Thread 0x000002396404e870 flushing  nmethod 0x000002396926b590
Event: 1175.880 Thread 0x000002396404e870 flushing  nmethod 0x00000239692e6c10
Event: 1175.880 Thread 0x000002396404e870 flushing  nmethod 0x000002396934d490
Event: 1175.880 Thread 0x000002396404e870 flushing  nmethod 0x0000023969359f10
Event: 1175.880 Thread 0x000002396404e870 flushing  nmethod 0x0000023969360e10
Event: 1175.880 Thread 0x000002396404e870 flushing  nmethod 0x0000023969364090
Event: 1175.880 Thread 0x000002396404e870 flushing  nmethod 0x0000023969374d10
Event: 1175.880 Thread 0x000002396404e870 flushing  nmethod 0x000002396937b690
Event: 1175.880 Thread 0x000002396404e870 flushing  nmethod 0x0000023969384b90
Event: 1175.880 Thread 0x000002396404e870 flushing  nmethod 0x0000023969389090
Event: 1175.880 Thread 0x000002396404e870 flushing  nmethod 0x00000239693ef510
Event: 1175.880 Thread 0x000002396404e870 flushing  nmethod 0x0000023969430790
Event: 1175.880 Thread 0x000002396404e870 flushing  nmethod 0x00000239694f5010
Event: 1175.880 Thread 0x000002396404e870 flushing  nmethod 0x00000239694f5510
Event: 1175.880 Thread 0x000002396404e870 flushing  nmethod 0x00000239694f8090
Event: 1175.880 Thread 0x000002396404e870 flushing osr nmethod 0x0000023969503990
Event: 1175.880 Thread 0x000002396404e870 flushing osr nmethod 0x0000023969510990
Event: 1175.880 Thread 0x000002396404e870 flushing  nmethod 0x0000023969516410

Events (20 events):
Event: 3811.350 Thread 0x000002397e5cf900 Thread added: 0x000002397e5cc480
Event: 3811.350 Thread 0x000002397e5cf900 Thread added: 0x000002397e5ce550
Event: 3811.351 Thread 0x000002397e5ce550 Thread exited: 0x000002397e5ce550
Event: 3811.351 Thread 0x000002397e5cc480 Thread exited: 0x000002397e5cc480
Event: 3811.351 Thread 0x000002397e5cf900 Thread exited: 0x000002397e5cf900
Event: 3814.786 Thread 0x000002397e5ccb10 Thread exited: 0x000002397e5ccb10
Event: 3815.140 Thread 0x00000239467455f0 Thread exited: 0x00000239467455f0
Event: 3815.140 Thread 0x000002397eb20000 Thread exited: 0x000002397eb20000
Event: 3815.140 Thread 0x000002397eb1f2e0 Thread exited: 0x000002397eb1f2e0
Event: 3816.125 Thread 0x000002397d2c6390 Thread exited: 0x000002397d2c6390
Event: 3816.141 Thread 0x000002397d2c5670 Thread exited: 0x000002397d2c5670
Event: 3816.161 Thread 0x000002397d2c7740 Thread exited: 0x000002397d2c7740
Event: 3816.161 Thread 0x0000023946748a70 Thread exited: 0x0000023946748a70
Event: 3816.161 Thread 0x000002397d2c70b0 Thread exited: 0x000002397d2c70b0
Event: 3816.161 Thread 0x0000023946749100 Thread exited: 0x0000023946749100
Event: 3874.796 Thread 0x000002397d2c4950 Thread exited: 0x000002397d2c4950
Event: 3878.966 Thread 0x000002397eb1f970 Thread exited: 0x000002397eb1f970
Event: 3903.803 Thread 0x000002397eb1be60 Thread exited: 0x000002397eb1be60
Event: 3911.058 Thread 0x0000023946744240 Thread exited: 0x0000023946744240
Event: 3915.213 Thread 0x000002397eb1d8a0 Thread exited: 0x000002397eb1d8a0


Dynamic libraries:
0x00007ff76b5d0000 - 0x00007ff76b5de000 	c:\Users\hp\.vscode\extensions\redhat.java-1.56.0-win32-x64\jre\21.0.12.1-win32-x86_64\bin\java.exe
0x00007ff847960000 - 0x00007ff847bc5000 	C:\Windows\SYSTEM32\ntdll.dll
0x00007ff8464a0000 - 0x00007ff846569000 	C:\Windows\System32\KERNEL32.DLL
0x00007ff845330000 - 0x00007ff8456fc000 	C:\Windows\System32\KERNELBASE.dll
0x00007ff8451e0000 - 0x00007ff84532b000 	C:\Windows\System32\ucrtbase.dll
0x00007ff80b050000 - 0x00007ff80b06e000 	c:\Users\hp\.vscode\extensions\redhat.java-1.56.0-win32-x64\jre\21.0.12.1-win32-x86_64\bin\VCRUNTIME140.dll
0x00007ff8147d0000 - 0x00007ff8147e8000 	c:\Users\hp\.vscode\extensions\redhat.java-1.56.0-win32-x64\jre\21.0.12.1-win32-x86_64\bin\jli.dll
0x00007ff8466c0000 - 0x00007ff84688a000 	C:\Windows\System32\USER32.dll
0x00007ff81c4f0000 - 0x00007ff81c78a000 	C:\Windows\WinSxS\amd64_microsoft.windows.common-controls_6595b64144ccf1df_6.0.26100.5600_none_3e06c7bae335c040\COMCTL32.dll
0x00007ff844e50000 - 0x00007ff844e77000 	C:\Windows\System32\win32u.dll
0x00007ff847720000 - 0x00007ff8477c9000 	C:\Windows\System32\msvcrt.dll
0x00007ff845700000 - 0x00007ff84572b000 	C:\Windows\System32\GDI32.dll
0x00007ff844f20000 - 0x00007ff845057000 	C:\Windows\System32\gdi32full.dll
0x00007ff844d10000 - 0x00007ff844db3000 	C:\Windows\System32\msvcp_win.dll
0x00007ff8463b0000 - 0x00007ff8463e0000 	C:\Windows\System32\IMM32.DLL
0x00007ff83c510000 - 0x00007ff83c51c000 	c:\Users\hp\.vscode\extensions\redhat.java-1.56.0-win32-x64\jre\21.0.12.1-win32-x86_64\bin\vcruntime140_1.dll
0x00007fffc3290000 - 0x00007fffc331d000 	c:\Users\hp\.vscode\extensions\redhat.java-1.56.0-win32-x64\jre\21.0.12.1-win32-x86_64\bin\msvcp140.dll
0x00007fffae630000 - 0x00007fffaf3d2000 	c:\Users\hp\.vscode\extensions\redhat.java-1.56.0-win32-x64\jre\21.0.12.1-win32-x86_64\bin\server\jvm.dll
0x00007ff846180000 - 0x00007ff846232000 	C:\Windows\System32\ADVAPI32.dll
0x00007ff847670000 - 0x00007ff847716000 	C:\Windows\System32\sechost.dll
0x00007ff845830000 - 0x00007ff845945000 	C:\Windows\System32\RPCRT4.dll
0x00007ff845e50000 - 0x00007ff845ec4000 	C:\Windows\System32\WS2_32.dll
0x00007ff844920000 - 0x00007ff84497e000 	C:\Windows\SYSTEM32\POWRPROF.dll
0x00007ff83c180000 - 0x00007ff83c1b6000 	C:\Windows\SYSTEM32\WINMM.dll
0x00007ff8344f0000 - 0x00007ff8344fb000 	C:\Windows\SYSTEM32\VERSION.dll
0x00007ff844900000 - 0x00007ff844914000 	C:\Windows\SYSTEM32\UMPDC.dll
0x00007ff843850000 - 0x00007ff84386b000 	C:\Windows\SYSTEM32\kernel.appcore.dll
0x00007ff824680000 - 0x00007ff82468a000 	c:\Users\hp\.vscode\extensions\redhat.java-1.56.0-win32-x64\jre\21.0.12.1-win32-x86_64\bin\jimage.dll
0x00007ff8420f0000 - 0x00007ff842331000 	C:\Windows\SYSTEM32\DBGHELP.DLL
0x00007ff845950000 - 0x00007ff845cd7000 	C:\Windows\System32\combase.dll
0x00007ff845730000 - 0x00007ff845811000 	C:\Windows\System32\OLEAUT32.dll
0x00007ff823bc0000 - 0x00007ff823bf9000 	C:\Windows\SYSTEM32\dbgcore.DLL
0x00007ff844e80000 - 0x00007ff844f19000 	C:\Windows\System32\bcryptPrimitives.dll
0x00007ff824360000 - 0x00007ff82436f000 	c:\Users\hp\.vscode\extensions\redhat.java-1.56.0-win32-x64\jre\21.0.12.1-win32-x86_64\bin\instrument.dll
0x00007fffc3270000 - 0x00007fffc3290000 	c:\Users\hp\.vscode\extensions\redhat.java-1.56.0-win32-x64\jre\21.0.12.1-win32-x86_64\bin\java.dll
0x00007ff8468b0000 - 0x00007ff846ff2000 	C:\Windows\System32\SHELL32.dll
0x00007ff844b90000 - 0x00007ff844d04000 	C:\Windows\System32\wintypes.dll
0x00007ff8426f0000 - 0x00007ff842f44000 	C:\Windows\SYSTEM32\windows.storage.dll
0x00007ff847820000 - 0x00007ff847911000 	C:\Windows\System32\SHCORE.dll
0x00007ff845dd0000 - 0x00007ff845e3a000 	C:\Windows\System32\shlwapi.dll
0x00007ff8449e0000 - 0x00007ff844a0f000 	C:\Windows\SYSTEM32\profapi.dll
0x00007ff8147f0000 - 0x00007ff814808000 	c:\Users\hp\.vscode\extensions\redhat.java-1.56.0-win32-x64\jre\21.0.12.1-win32-x86_64\bin\zip.dll
0x00007ff80b530000 - 0x00007ff80b540000 	C:\Users\hp\.vscode\extensions\redhat.java-1.56.0-win32-x64\jre\21.0.12.1-win32-x86_64\bin\net.dll
0x00007ff83b770000 - 0x00007ff83b88e000 	C:\Windows\SYSTEM32\WINHTTP.dll
0x00007ff843da0000 - 0x00007ff843e0a000 	C:\Windows\system32\mswsock.dll
0x00007ff80b510000 - 0x00007ff80b526000 	C:\Users\hp\.vscode\extensions\redhat.java-1.56.0-win32-x64\jre\21.0.12.1-win32-x86_64\bin\nio.dll
0x00007ff80b0d0000 - 0x00007ff80b0e0000 	c:\Users\hp\.vscode\extensions\redhat.java-1.56.0-win32-x64\jre\21.0.12.1-win32-x86_64\bin\verify.dll
0x00007ff819470000 - 0x00007ff8194b5000 	C:\Users\hp\AppData\Roaming\Code\User\globalStorage\redhat.java\1.56.0\config_win\org.eclipse.equinox.launcher\org.eclipse.equinox.launcher.win32.win32.x86_64_1.3.100.v20260804-1928\eclipse_11924.dll
0x00007ff845ed0000 - 0x00007ff84606e000 	C:\Windows\System32\ole32.dll
0x00007ff844180000 - 0x00007ff84419b000 	C:\Windows\SYSTEM32\CRYPTSP.dll
0x00007ff8437b0000 - 0x00007ff8437ea000 	C:\Windows\system32\rsaenh.dll
0x00007ff843e40000 - 0x00007ff843e6b000 	C:\Windows\SYSTEM32\USERENV.dll
0x00007ff8449b0000 - 0x00007ff8449d6000 	C:\Windows\SYSTEM32\bcrypt.dll
0x00007ff843fe0000 - 0x00007ff843fec000 	C:\Windows\SYSTEM32\CRYPTBASE.dll
0x00007ff843260000 - 0x00007ff843293000 	C:\Windows\SYSTEM32\IPHLPAPI.DLL
0x00007ff846890000 - 0x00007ff84689a000 	C:\Windows\System32\NSI.dll
0x00007ff819160000 - 0x00007ff8191a9000 	C:\Users\hp\AppData\Local\Temp\jna-3336\jna15787457113277523001.dll
0x00007ff8468a0000 - 0x00007ff8468a8000 	C:\Windows\System32\PSAPI.DLL
0x00007ff83deb0000 - 0x00007ff83decf000 	C:\Windows\SYSTEM32\dhcpcsvc6.DLL
0x00007ff83de40000 - 0x00007ff83de65000 	C:\Windows\SYSTEM32\dhcpcsvc.DLL
0x00007ff83f540000 - 0x00007ff83f54e000 	C:\Users\hp\.vscode\extensions\redhat.java-1.56.0-win32-x64\jre\21.0.12.1-win32-x86_64\bin\sunmscapi.dll
0x00007ff845060000 - 0x00007ff8451d7000 	C:\Windows\System32\CRYPT32.dll
0x00007ff8442d0000 - 0x00007ff844300000 	C:\Windows\SYSTEM32\ncrypt.dll
0x00007ff844280000 - 0x00007ff8442bf000 	C:\Windows\SYSTEM32\NTASN1.dll
0x00007ff8432f0000 - 0x00007ff843417000 	C:\Windows\SYSTEM32\DNSAPI.dll
0x00007ff835a90000 - 0x00007ff835a9b000 	C:\Windows\System32\rasadhlp.dll
0x00007ff83e830000 - 0x00007ff83e8b6000 	C:\Windows\System32\fwpuclnt.dll
0x00007ff83dc10000 - 0x00007ff83dc19000 	C:\Users\hp\.vscode\extensions\redhat.java-1.56.0-win32-x64\jre\21.0.12.1-win32-x86_64\bin\extnet.dll
0x00007ff843970000 - 0x00007ff8439a6000 	C:\Windows\SYSTEM32\ntmarta.dll

JVMTI agents:
c:\Users\hp\.vscode\extensions\redhat.java-1.56.0-win32-x64\lombok\lombok-1.18.39-4050.jar path:c:\Users\hp\.vscode\extensions\redhat.java-1.56.0-win32-x64\jre\21.0.12.1-win32-x86_64\bin\instrument.dll, loaded, initialized, instrumentlib options:none

dbghelp: loaded successfully - version: 4.0.5 - missing functions: none
symbol engine: initialized successfully - sym options: 0x614 - pdb path: .;c:\Users\hp\.vscode\extensions\redhat.java-1.56.0-win32-x64\jre\21.0.12.1-win32-x86_64\bin;C:\Windows\SYSTEM32;C:\Windows\WinSxS\amd64_microsoft.windows.common-controls_6595b64144ccf1df_6.0.26100.5600_none_3e06c7bae335c040;c:\Users\hp\.vscode\extensions\redhat.java-1.56.0-win32-x64\jre\21.0.12.1-win32-x86_64\bin\server;C:\Users\hp\AppData\Roaming\Code\User\globalStorage\redhat.java\1.56.0\config_win\org.eclipse.equinox.launcher\org.eclipse.equinox.launcher.win32.win32.x86_64_1.3.100.v20260804-1928;C:\Users\hp\AppData\Local\Temp\jna-3336

VM Arguments:
jvm_args: --add-modules=ALL-SYSTEM --add-opens=java.base/java.util=ALL-UNNAMED --add-opens=java.base/java.lang=ALL-UNNAMED --add-opens=java.base/sun.nio.fs=ALL-UNNAMED -Declipse.application=org.eclipse.jdt.ls.core.id1 -Dosgi.bundles.defaultStartLevel=4 -Declipse.product=org.eclipse.jdt.ls.core.product -Djava.import.generatesMetadataFilesAtProjectRoot=false -Dm2e.project.cache.size=50 -DDetectVMInstallationsJob.disabled=true -Dfile.encoding=utf8 -XX:+UseParallelGC -XX:GCTimeRatio=4 -XX:AdaptiveSizePolicyWeight=90 -Dsun.zip.disableMemoryMapping=true -Xmx2G -Xms100m -Xlog:disable -javaagent:c:\Users\hp\.vscode\extensions\redhat.java-1.56.0-win32-x64\lombok\lombok-1.18.39-4050.jar -XX:+HeapDumpOnOutOfMemoryError -XX:HeapDumpPath=c:\Users\hp\AppData\Roaming\Code\User\workspaceStorage\85613ab885ecb802144c8b32fe25b821\redhat.java -Daether.dependencyCollector.impl=bf 
java_command: c:\Users\hp\.vscode\extensions\redhat.java-1.56.0-win32-x64\server\plugins\org.eclipse.equinox.launcher_1.8.0.v20260804-1928.jar -configuration c:\Users\hp\AppData\Roaming\Code\User\globalStorage\redhat.java\1.56.0\config_win -data c:\Users\hp\AppData\Roaming\Code\User\workspaceStorage\85613ab885ecb802144c8b32fe25b821\redhat.java\jdt_ws --stdio
java_class_path (initial): c:\Users\hp\.vscode\extensions\redhat.java-1.56.0-win32-x64\server\plugins\org.eclipse.equinox.launcher_1.8.0.v20260804-1928.jar
Launcher Type: SUN_STANDARD

[Global flags]
    uintx AdaptiveSizePolicyWeight                 = 90                                        {product} {command line}
     intx CICompilerCount                          = 4                                         {product} {ergonomic}
    uintx GCTimeRatio                              = 4                                         {product} {command line}
     bool HeapDumpOnOutOfMemoryError               = true                                   {manageable} {command line}
    ccstr HeapDumpPath                             = c:\Users\hp\AppData\Roaming\Code\User\workspaceStorage\85613ab885ecb802144c8b32fe25b821\redhat.java         {manageable} {command line}
   size_t InitialHeapSize                          = 104857600                                 {product} {command line}
   size_t MaxHeapSize                              = 2147483648                                {product} {command line}
   size_t MaxNewSize                               = 715653120                                 {product} {ergonomic}
   size_t MinHeapDeltaBytes                        = 524288                                    {product} {ergonomic}
   size_t MinHeapSize                              = 104857600                                 {product} {command line}
   size_t NewSize                                  = 34603008                                  {product} {ergonomic}
    uintx NonNMethodCodeHeapSize                   = 5839372                                {pd product} {ergonomic}
    uintx NonProfiledCodeHeapSize                  = 122909434                              {pd product} {ergonomic}
   size_t OldSize                                  = 70254592                                  {product} {ergonomic}
    uintx ProfiledCodeHeapSize                     = 122909434                              {pd product} {ergonomic}
    uintx ReservedCodeCacheSize                    = 251658240                              {pd product} {ergonomic}
     bool SegmentedCodeCache                       = true                                      {product} {ergonomic}
   size_t SoftMaxHeapSize                          = 2147483648                             {manageable} {ergonomic}
     bool UseCompressedOops                        = true                           {product lp64_product} {ergonomic}
     bool UseLargePagesIndividualAllocation        = false                                  {pd product} {ergonomic}
     bool UseParallelGC                            = true                                      {product} {command line}

Logging:
Log output configuration:
 #0: stdout all=off uptime,level,tags foldmultilines=false
 #1: stderr all=off uptime,level,tags foldmultilines=false

Release file:
JAVA_VERSION="21.0.12.1" 
MODULES="java.base java.compiler java.datatransfer java.xml java.prefs java.desktop java.instrument java.logging java.management java.security.sasl java.naming java.rmi java.management.rmi java.net.http java.scripting java.security.jgss java.transaction.xa java.sql java.sql.rowset java.xml.crypto java.se java.smartcardio jdk.accessibility jdk.internal.jvmstat jdk.attach jdk.charsets jdk.internal.opt jdk.zipfs jdk.compiler jdk.crypto.ec jdk.crypto.cryptoki jdk.crypto.mscapi jdk.dynalink jdk.internal.ed jdk.editpad jdk.hotspot.agent jdk.httpserver jdk.internal.le jdk.internal.vm.ci jdk.internal.vm.compiler jdk.internal.vm.compiler.management jdk.jartool jdk.javadoc jdk.jcmd jdk.management jdk.management.agent jdk.jconsole jdk.jdeps jdk.jdwp.agent jdk.jdi jdk.jfr jdk.jshell jdk.jsobject jdk.jstatd jdk.localedata jdk.management.jfr jdk.naming.dns jdk.naming.rmi jdk.net jdk.nio.mapmode jdk.random jdk.sctp jdk.security.auth jdk.security.jgss jdk.unsupported jdk.unsupported.desktop jdk.xml.dom" 

Environment Variables:
PATH=C:\Program Files\Common Files\Oracle\Java\javapath;C:\Windows\system32;C:\Windows;C:\Windows\System32\Wbem;C:\Windows\System32\WindowsPowerShell\v1.0\;C:\Windows\System32\OpenSSH\;C:\Program Files\nodejs\;C:\Program Files\Git\cmd;C:\Users\hp\AppData\Local\Programs\Python\Python314\;C:\Users\hp\AppData\Local\Programs\Python\Python314\Scripts\;C:\Program Files\Java\jdk-25\bin;C:\Program Files\MySQL\MySQL Server 8.0\bin;C:\apache-maven-3.9.16\bin;C:\Program Files\dotnet\;C:\Program Files (x86)\IVI Foundation\VISA\WinNT\Bin\;C:\Program Files\IVI Foundation\VISA\Win64\Bin\;C:\Program Files (x86)\National Instruments\Shared\LabVIEW CLI;C:\Program Files\JKI\VI Package Manager\support;C:\Program Files (x86)\IVI Foundation\VISA\WinNT\Bin;C:\Program Files (x86)\IVI Foundation\IVI\Bin\;C:\Program Files\IVI Foundation\IVI\Bin\;C:\MinGW\bin;C:\Program Files\MySQL\MySQL Shell 8.0\bin\;C:\Users\hp\AppData\Local\Programs\Python\Python314\Scripts\;C:\Users\hp\AppData\Local\Programs\Python\Python314\;C:\Users\hp\AppData\Local\Programs\Python\Launcher\;C:\Users\hp\AppData\Local\Microsoft\WindowsApps;C:\Users\hp\AppData\Local\Programs\Microsoft VS Code\bin;C:\Users\hp\AppData\Roaming\npm;C:\Program Files\JetBrains\IntelliJ IDEA 2026.1\bin;
USERNAME=hp
OS=Windows_NT
PROCESSOR_IDENTIFIER=Intel64 Family 6 Model 140 Stepping 1, GenuineIntel
TMP=C:\Users\hp\AppData\Local\Temp
TEMP=C:\Users\hp\AppData\Local\Temp




Periodic native trim disabled

---------------  S Y S T E M  ---------------

OS:
 Windows 11 , 64 bit Build 26100 (10.0.26100.5600)
OS uptime: 0 days 1:07 hours
Hyper-V role detected

CPU: total 8 (initial active 8) (4 cores per cpu, 2 threads per core) family 6 model 140 stepping 1 microcode 0xbe, cx8, cmov, fxsr, ht, mmx, 3dnowpref, sse, sse2, sse3, ssse3, sse4.1, sse4.2, popcnt, lzcnt, tsc, tscinvbit, avx, avx2, aes, erms, clmul, bmi1, bmi2, adx, avx512f, avx512dq, avx512cd, avx512bw, avx512vl, sha, fma, vzeroupper, avx512_vpopcntdq, avx512_vpclmulqdq, avx512_vaes, avx512_vnni, clflush, clflushopt, clwb, avx512_vbmi2, avx512_vbmi, hv, rdtscp, rdpid, fsrm, gfni, avx512_bitalg, f16c, cet_ibt, cet_ss, avx512_ifma
Processor Information for the first 8 processors :
  Max Mhz: 2611, Current Mhz: 2611, Mhz Limit: 2611

Memory: 4k page, system-wide physical 16064M (4887M free)
TotalPageFile size 32013M (AvailPageFile size 1M)
current process WorkingSet (physical memory assigned to process): 512M, peak: 547M
current process commit charge ("private bytes"): 595M, peak: 603M

vm_info: OpenJDK 64-Bit Server VM (21.0.12.1+1-LTS) for windows-amd64 JRE (21.0.12.1+1-LTS), built on 2026-08-18T00:00:00Z by "admin" with MS VC++ 17.12 (VS2022)

END.
